Archive member included to satisfy reference by file (symbol)

/opt/Atollic_TrueSTUDIO_for_STM32_x86_64_9.3.0/ARMTools/bin/../lib/gcc/arm-atollic-eabi/6.3.1/../../../../arm-atollic-eabi/lib/armv7e-m/fpu/libc_nano.a(lib_a-init.o)
                              src/startup_stm32f40xx.o (__libc_init_array)
/opt/Atollic_TrueSTUDIO_for_STM32_x86_64_9.3.0/ARMTools/bin/../lib/gcc/arm-atollic-eabi/6.3.1/../../../../arm-atollic-eabi/lib/armv7e-m/fpu/libc_nano.a(lib_a-strlen.o)
                              src/tiny_printf.o (strlen)
/opt/Atollic_TrueSTUDIO_for_STM32_x86_64_9.3.0/ARMTools/bin/../lib/gcc/arm-atollic-eabi/6.3.1/../../../../arm-atollic-eabi/lib/armv7e-m/fpu/libnosys.a(write.o)
                              src/tiny_printf.o (_write)
/opt/Atollic_TrueSTUDIO_for_STM32_x86_64_9.3.0/ARMTools/bin/../lib/gcc/arm-atollic-eabi/6.3.1/../../../../arm-atollic-eabi/lib/armv7e-m/fpu/libnosys.a(errno.o)
                              /opt/Atollic_TrueSTUDIO_for_STM32_x86_64_9.3.0/ARMTools/bin/../lib/gcc/arm-atollic-eabi/6.3.1/../../../../arm-atollic-eabi/lib/armv7e-m/fpu/libnosys.a(write.o) (errno)

Allocating common symbols
Common symbol       size              file

CurrentPos          0x4               Utilities/STM32F4-Discovery/stm32f4_discovery_audio_codec.o
errno               0x4               /opt/Atollic_TrueSTUDIO_for_STM32_x86_64_9.3.0/ARMTools/bin/../lib/gcc/arm-atollic-eabi/6.3.1/../../../../arm-atollic-eabi/lib/armv7e-m/fpu/libnosys.a(errno.o)
AUDIO_MAL_DMA_InitStructure
                    0x3c              Utilities/STM32F4-Discovery/stm32f4_discovery_audio_codec.o
NVIC_InitStructure  0x4               Utilities/STM32F4-Discovery/stm32f4_discovery.o
DMA_InitStructure   0x3c              Utilities/STM32F4-Discovery/stm32f4_discovery_audio_codec.o

Discarded input sections

 .text          0x0000000000000000        0x0 /opt/Atollic_TrueSTUDIO_for_STM32_x86_64_9.3.0/ARMTools/bin/../lib/gcc/arm-atollic-eabi/6.3.1/armv7e-m/fpu/crti.o
 .data          0x0000000000000000        0x0 /opt/Atollic_TrueSTUDIO_for_STM32_x86_64_9.3.0/ARMTools/bin/../lib/gcc/arm-atollic-eabi/6.3.1/armv7e-m/fpu/crti.o
 .bss           0x0000000000000000        0x0 /opt/Atollic_TrueSTUDIO_for_STM32_x86_64_9.3.0/ARMTools/bin/../lib/gcc/arm-atollic-eabi/6.3.1/armv7e-m/fpu/crti.o
 .data          0x0000000000000000        0x4 /opt/Atollic_TrueSTUDIO_for_STM32_x86_64_9.3.0/ARMTools/bin/../lib/gcc/arm-atollic-eabi/6.3.1/armv7e-m/fpu/crtbegin.o
 .text          0x0000000000000000        0x0 Libraries/STM32F4xx_StdPeriph_Driver/src/misc.o
 .data          0x0000000000000000        0x0 Libraries/STM32F4xx_StdPeriph_Driver/src/misc.o
 .bss           0x0000000000000000        0x0 Libraries/STM32F4xx_StdPeriph_Driver/src/misc.o
 .text.NVIC_PriorityGroupConfig
                0x0000000000000000       0x28 Libraries/STM32F4xx_StdPeriph_Driver/src/misc.o
 .text.NVIC_SetVectorTable
                0x0000000000000000       0x2c Libraries/STM32F4xx_StdPeriph_Driver/src/misc.o
 .text.NVIC_SystemLPConfig
                0x0000000000000000       0x44 Libraries/STM32F4xx_StdPeriph_Driver/src/misc.o
 .text.SysTick_CLKSourceConfig
                0x0000000000000000       0x38 Libraries/STM32F4xx_StdPeriph_Driver/src/misc.o
 .text          0x0000000000000000        0x0 Libraries/STM32F4xx_StdPeriph_Driver/src/stm32f4xx_adc.o
 .data          0x0000000000000000        0x0 Libraries/STM32F4xx_StdPeriph_Driver/src/stm32f4xx_adc.o
 .bss           0x0000000000000000        0x0 Libraries/STM32F4xx_StdPeriph_Driver/src/stm32f4xx_adc.o
 .text.ADC_DeInit
                0x0000000000000000       0x1c Libraries/STM32F4xx_StdPeriph_Driver/src/stm32f4xx_adc.o
 .text.ADC_Init
                0x0000000000000000       0xac Libraries/STM32F4xx_StdPeriph_Driver/src/stm32f4xx_adc.o
 .text.ADC_StructInit
                0x0000000000000000       0x3e Libraries/STM32F4xx_StdPeriph_Driver/src/stm32f4xx_adc.o
 .text.ADC_CommonInit
                0x0000000000000000       0x50 Libraries/STM32F4xx_StdPeriph_Driver/src/stm32f4xx_adc.o
 .text.ADC_CommonStructInit
                0x0000000000000000       0x2c Libraries/STM32F4xx_StdPeriph_Driver/src/stm32f4xx_adc.o
 .text.ADC_Cmd  0x0000000000000000       0x38 Libraries/STM32F4xx_StdPeriph_Driver/src/stm32f4xx_adc.o
 .text.ADC_AnalogWatchdogCmd
                0x0000000000000000       0x3a Libraries/STM32F4xx_StdPeriph_Driver/src/stm32f4xx_adc.o
 .text.ADC_AnalogWatchdogThresholdsConfig
                0x0000000000000000       0x28 Libraries/STM32F4xx_StdPeriph_Driver/src/stm32f4xx_adc.o
 .text.ADC_AnalogWatchdogSingleChannelConfig
                0x0000000000000000       0x38 Libraries/STM32F4xx_StdPeriph_Driver/src/stm32f4xx_adc.o
 .text.ADC_TempSensorVrefintCmd
                0x0000000000000000       0x3c Libraries/STM32F4xx_StdPeriph_Driver/src/stm32f4xx_adc.o
 .text.ADC_VBATCmd
                0x0000000000000000       0x3c Libraries/STM32F4xx_StdPeriph_Driver/src/stm32f4xx_adc.o
 .text.ADC_RegularChannelConfig
[...]
Memory Configuration

Name             Origin             Length             Attributes
FLASH            0x0000000008000000 0x0000000000100000 xr
RAM              0x0000000020000000 0x0000000000020000 xrw
MEMORY_B1        0x0000000060000000 0x0000000000000000 xr
CCMRAM           0x0000000010000000 0x0000000000010000 rw
*default*        0x0000000000000000 0xffffffffffffffff

Linker script and memory map

LOAD /opt/Atollic_TrueSTUDIO_for_STM32_x86_64_9.3.0/ARMTools/bin/../lib/gcc/arm-atollic-eabi/6.3.1/armv7e-m/fpu/crti.o
LOAD /opt/Atollic_TrueSTUDIO_for_STM32_x86_64_9.3.0/ARMTools/bin/../lib/gcc/arm-atollic-eabi/6.3.1/armv7e-m/fpu/crtbegin.o
LOAD Libraries/STM32F4xx_StdPeriph_Driver/src/misc.o
LOAD Libraries/STM32F4xx_StdPeriph_Driver/src/stm32f4xx_adc.o
LOAD Libraries/STM32F4xx_StdPeriph_Driver/src/stm32f4xx_can.o
LOAD Libraries/STM32F4xx_StdPeriph_Driver/src/stm32f4xx_crc.o
LOAD Libraries/STM32F4xx_StdPeriph_Driver/src/stm32f4xx_cryp.o
LOAD Libraries/STM32F4xx_StdPeriph_Driver/src/stm32f4xx_cryp_aes.o
LOAD Libraries/STM32F4xx_StdPeriph_Driver/src/stm32f4xx_cryp_des.o
LOAD Libraries/STM32F4xx_StdPeriph_Driver/src/stm32f4xx_cryp_tdes.o
LOAD Libraries/STM32F4xx_StdPeriph_Driver/src/stm32f4xx_dac.o
LOAD Libraries/STM32F4xx_StdPeriph_Driver/src/stm32f4xx_dbgmcu.o
LOAD Libraries/STM32F4xx_StdPeriph_Driver/src/stm32f4xx_dcmi.o
LOAD Libraries/STM32F4xx_StdPeriph_Driver/src/stm32f4xx_dma.o
LOAD Libraries/STM32F4xx_StdPeriph_Driver/src/stm32f4xx_exti.o
LOAD Libraries/STM32F4xx_StdPeriph_Driver/src/stm32f4xx_flash.o
LOAD Libraries/STM32F4xx_StdPeriph_Driver/src/stm32f4xx_fsmc.o
LOAD Libraries/STM32F4xx_StdPeriph_Driver/src/stm32f4xx_gpio.o
LOAD Libraries/STM32F4xx_StdPeriph_Driver/src/stm32f4xx_hash.o
LOAD Libraries/STM32F4xx_StdPeriph_Driver/src/stm32f4xx_hash_md5.o
LOAD Libraries/STM32F4xx_StdPeriph_Driver/src/stm32f4xx_hash_sha1.o
LOAD Libraries/STM32F4xx_StdPeriph_Driver/src/stm32f4xx_i2c.o
LOAD Libraries/STM32F4xx_StdPeriph_Driver/src/stm32f4xx_iwdg.o
LOAD Libraries/STM32F4xx_StdPeriph_Driver/src/stm32f4xx_pwr.o
LOAD Libraries/STM32F4xx_StdPeriph_Driver/src/stm32f4xx_rcc.o
LOAD Libraries/STM32F4xx_StdPeriph_Driver/src/stm32f4xx_rng.o
LOAD Libraries/STM32F4xx_StdPeriph_Driver/src/stm32f4xx_rtc.o
LOAD Libraries/STM32F4xx_StdPeriph_Driver/src/stm32f4xx_sdio.o
LOAD Libraries/STM32F4xx_StdPeriph_Driver/src/stm32f4xx_spi.o
LOAD Libraries/STM32F4xx_StdPeriph_Driver/src/stm32f4xx_syscfg.o
LOAD Libraries/STM32F4xx_StdPeriph_Driver/src/stm32f4xx_tim.o
LOAD Libraries/STM32F4xx_StdPeriph_Driver/src/stm32f4xx_usart.o
LOAD Libraries/STM32F4xx_StdPeriph_Driver/src/stm32f4xx_wwdg.o
LOAD Utilities/STM32F4-Discovery/stm32f4_discovery.o
LOAD Utilities/STM32F4-Discovery/stm32f4_discovery_audio_codec.o
LOAD Utilities/STM32F4-Discovery/stm32f4_discovery_lis302dl.o
LOAD src/accueil.o
LOAD src/main.o
LOAD src/serial.o
LOAD src/startup_stm32f40xx.o
LOAD src/stm32f4xx_it.o
LOAD src/system_stm32f4xx.o
LOAD src/tiny_printf.o
LOAD src/vt100.o
                0x0000000000000080                malloc_getpagesize_P = 0x80
START GROUP
LOAD /opt/Atollic_TrueSTUDIO_for_STM32_x86_64_9.3.0/ARMTools/bin/../lib/gcc/arm-atollic-eabi/6.3.1/../../../../arm-atollic-eabi/lib/armv7e-m/fpu/libc_nano.a
LOAD /opt/Atollic_TrueSTUDIO_for_STM32_x86_64_9.3.0/ARMTools/bin/../lib/gcc/arm-atollic-eabi/6.3.1/../../../../arm-atollic-eabi/lib/armv7e-m/fpu/libm.a
END GROUP
START GROUP
LOAD /opt/Atollic_TrueSTUDIO_for_STM32_x86_64_9.3.0/ARMTools/bin/../lib/gcc/arm-atollic-eabi/6.3.1/armv7e-m/fpu/libgcc.a
LOAD /opt/Atollic_TrueSTUDIO_for_STM32_x86_64_9.3.0/ARMTools/bin/../lib/gcc/arm-atollic-eabi/6.3.1/../../../../arm-atollic-eabi/lib/armv7e-m/fpu/libc_nano.a
END GROUP
START GROUP
LOAD /opt/Atollic_TrueSTUDIO_for_STM32_x86_64_9.3.0/ARMTools/bin/../lib/gcc/arm-atollic-eabi/6.3.1/armv7e-m/fpu/libgcc.a
LOAD /opt/Atollic_TrueSTUDIO_for_STM32_x86_64_9.3.0/ARMTools/bin/../lib/gcc/arm-atollic-eabi/6.3.1/../../../../arm-atollic-eabi/lib/armv7e-m/fpu/libc_nano.a
LOAD /opt/Atollic_TrueSTUDIO_for_STM32_x86_64_9.3.0/ARMTools/bin/../lib/gcc/arm-atollic-eabi/6.3.1/../../../../arm-atollic-eabi/lib/armv7e-m/fpu/libnosys.a
END GROUP
START GROUP
LOAD /opt/Atollic_TrueSTUDIO_for_STM32_x86_64_9.3.0/ARMTools/bin/../lib/gcc/arm-atollic-eabi/6.3.1/armv7e-m/fpu/libgcc.a
LOAD /opt/Atollic_TrueSTUDIO_for_STM32_x86_64_9.3.0/ARMTools/bin/../lib/gcc/arm-atollic-eabi/6.3.1/../../../../arm-atollic-eabi/lib/armv7e-m/fpu/libc_nano.a
LOAD /opt/Atollic_TrueSTUDIO_for_STM32_x86_64_9.3.0/ARMTools/bin/../lib/gcc/arm-atollic-eabi/6.3.1/../../../../arm-atollic-eabi/lib/armv7e-m/fpu/libnosys.a
END GROUP
LOAD /opt/Atollic_TrueSTUDIO_for_STM32_x86_64_9.3.0/ARMTools/bin/../lib/gcc/arm-atollic-eabi/6.3.1/armv7e-m/fpu/crtend.o
LOAD /opt/Atollic_TrueSTUDIO_for_STM32_x86_64_9.3.0/ARMTools/bin/../lib/gcc/arm-atollic-eabi/6.3.1/armv7e-m/fpu/crtn.o
                0x0000000020020000                _estack = 0x20020000
                0x0000000000000000                _Min_Heap_Size = 0x0
                0x0000000000000400                _Min_Stack_Size = 0x400

.isr_vector     0x0000000008000000      0x188
                0x0000000008000000                . = ALIGN (0x4)
 *(.isr_vector)
 .isr_vector    0x0000000008000000      0x188 src/startup_stm32f40xx.o
                0x0000000008000000                g_pfnVectors
                0x0000000008000188                . = ALIGN (0x4)

.text           0x0000000008000188     0x187c
                0x0000000008000188                . = ALIGN (0x4)
 *(.text)
 .text          0x0000000008000188       0x40 /opt/Atollic_TrueSTUDIO_for_STM32_x86_64_9.3.0/ARMTools/bin/../lib/gcc/arm-atollic-eabi/6.3.1/armv7e-m/fpu/crtbegin.o
 *(.text*)
 .text.NVIC_Init
                0x00000000080001c8       0xc4 Libraries/STM32F4xx_StdPeriph_Driver/src/misc.o
                0x00000000080001c8                NVIC_Init
 .text.DAC_SetChannel1Data
                0x000000000800028c       0x38 Libraries/STM32F4xx_StdPeriph_Driver/src/stm32f4xx_dac.o
                0x000000000800028c                DAC_SetChannel1Data
 .text.DMA_Init
                0x00000000080002c4       0xb0 Libraries/STM32F4xx_StdPeriph_Driver/src/stm32f4xx_dma.o
                0x00000000080002c4                DMA_Init
 .text.DMA_Cmd  0x0000000008000374       0x38 Libraries/STM32F4xx_StdPeriph_Driver/src/stm32f4xx_dma.o
                0x0000000008000374                DMA_Cmd
 .text.DMA_GetCmdStatus
                0x00000000080003ac       0x30 Libraries/STM32F4xx_StdPeriph_Driver/src/stm32f4xx_dma.o
                0x00000000080003ac                DMA_GetCmdStatus
 .text.DMA_GetFlagStatus
                0x00000000080003dc       0x78 Libraries/STM32F4xx_StdPeriph_Driver/src/stm32f4xx_dma.o
                0x00000000080003dc                DMA_GetFlagStatus
 .text.DMA_ClearFlag
                0x0000000008000454       0x5c Libraries/STM32F4xx_StdPeriph_Driver/src/stm32f4xx_dma.o
                0x0000000008000454                DMA_ClearFlag
 .text.GPIO_Init
                0x00000000080004b0      0x11c Libraries/STM32F4xx_StdPeriph_Driver/src/stm32f4xx_gpio.o
                0x00000000080004b0                GPIO_Init
 .text.GPIO_PinAFConfig
                0x00000000080005cc       0x92 Libraries/STM32F4xx_StdPeriph_Driver/src/stm32f4xx_gpio.o
                0x00000000080005cc                GPIO_PinAFConfig
 *fill*         0x000000000800065e        0x2 
 .text.RCC_GetClocksFreq
                0x0000000008000660      0x150 Libraries/STM32F4xx_StdPeriph_Driver/src/stm32f4xx_rcc.o
                0x0000000008000660                RCC_GetClocksFreq
 .text.RCC_AHB1PeriphClockCmd
                0x00000000080007b0       0x40 Libraries/STM32F4xx_StdPeriph_Driver/src/stm32f4xx_rcc.o
                0x00000000080007b0                RCC_AHB1PeriphClockCmd
 .text.RCC_APB1PeriphClockCmd
                0x00000000080007f0       0x40 Libraries/STM32F4xx_StdPeriph_Driver/src/stm32f4xx_rcc.o
                0x00000000080007f0                RCC_APB1PeriphClockCmd
 .text.SPI_I2S_SendData
                0x0000000008000830       0x1e Libraries/STM32F4xx_StdPeriph_Driver/src/stm32f4xx_spi.o
                0x0000000008000830                SPI_I2S_SendData
 .text.SPI_I2S_GetFlagStatus
                0x000000000800084e       0x38 Libraries/STM32F4xx_StdPeriph_Driver/src/stm32f4xx_spi.o
                0x000000000800084e                SPI_I2S_GetFlagStatus
 *fill*         0x0000000008000886        0x2 
 .text.USART_Init
                0x0000000008000888      0x174 Libraries/STM32F4xx_StdPeriph_Driver/src/stm32f4xx_usart.o
                0x0000000008000888                USART_Init
 .text.USART_Cmd
                0x00000000080009fc       0x40 Libraries/STM32F4xx_StdPeriph_Driver/src/stm32f4xx_usart.o
                0x00000000080009fc                USART_Cmd
 .text.USART_ITConfig
                0x0000000008000a3c       0x90 Libraries/STM32F4xx_StdPeriph_Driver/src/stm32f4xx_usart.o
                0x0000000008000a3c                USART_ITConfig
 .text.USART_GetITStatus
                0x0000000008000acc       0xb6 Libraries/STM32F4xx_StdPeriph_Driver/src/stm32f4xx_usart.o
                0x0000000008000acc                USART_GetITStatus
 *fill*         0x0000000008000b82        0x2 
 .text.STM_EVAL_LEDInit
                0x0000000008000b84       0x5c Utilities/STM32F4-Discovery/stm32f4_discovery.o
                0x0000000008000b84                STM_EVAL_LEDInit
 .text.STM_EVAL_LEDOn
                0x0000000008000be0       0x30 Utilities/STM32F4-Discovery/stm32f4_discovery.o
                0x0000000008000be0                STM_EVAL_LEDOn
 .text.Audio_MAL_IRQHandler
                0x0000000008000c10      0x100 Utilities/STM32F4-Discovery/stm32f4_discovery_audio_codec.o
 .text.DMA1_Stream7_IRQHandler
                0x0000000008000d10        0xc Utilities/STM32F4-Discovery/stm32f4_discovery_audio_codec.o
                0x0000000008000d10                DMA1_Stream7_IRQHandler
 .text.DMA1_Stream0_IRQHandler
                0x0000000008000d1c        0xc Utilities/STM32F4-Discovery/stm32f4_discovery_audio_codec.o
                0x0000000008000d1c                DMA1_Stream0_IRQHandler
 .text.SPI3_IRQHandler
                0x0000000008000d28       0x44 Utilities/STM32F4-Discovery/stm32f4_discovery_audio_codec.o
                0x0000000008000d28                SPI3_IRQHandler
 .text.fenetre_horizontal
                0x0000000008000d6c       0x48 src/accueil.o
                0x0000000008000d6c                fenetre_horizontal
 .text.fenetre_vertical
                0x0000000008000db4       0x48 src/accueil.o
                0x0000000008000db4                fenetre_vertical
 .text.titre_vertical
                0x0000000008000dfc       0x48 src/accueil.o
                0x0000000008000dfc                titre_vertical
 .text.titre_horizontal
                0x0000000008000e44       0x48 src/accueil.o
                0x0000000008000e44                titre_horizontal
 .text.titre_texte1
                0x0000000008000e8c       0x50 src/accueil.o
                0x0000000008000e8c                titre_texte1
 .text.apregle  0x0000000008000edc       0xa8 src/accueil.o
                0x0000000008000edc                apregle
 .text.play2    0x0000000008000f84       0xdc src/accueil.o
                0x0000000008000f84                play2
 .text.personnage
                0x0000000008001060       0xb4 src/accueil.o
                0x0000000008001060                personnage
 .text.deplacement
                0x0000000008001114      0x17c src/accueil.o
                0x0000000008001114                deplacement
 .text.tire     0x0000000008001290       0x98 src/accueil.o
                0x0000000008001290                tire
 .text.sup      0x0000000008001328       0x84 src/accueil.o
                0x0000000008001328                sup
 .text.main     0x00000000080013ac       0xb4 src/main.o
                0x00000000080013ac                main
 .text.EVAL_AUDIO_TransferComplete_CallBack
                0x0000000008001460       0x16 src/main.o
                0x0000000008001460                EVAL_AUDIO_TransferComplete_CallBack
 .text.EVAL_AUDIO_GetSampleCallBack
                0x0000000008001476       0x12 src/main.o
                0x0000000008001476                EVAL_AUDIO_GetSampleCallBack
 .text.serial_init
                0x0000000008001488       0xb8 src/serial.o
                0x0000000008001488                serial_init
 .text.serial_putchar
                0x0000000008001540       0x54 src/serial.o
                0x0000000008001540                serial_putchar
 .text.serial_puts
                0x0000000008001594       0x2c src/serial.o
                0x0000000008001594                serial_puts
 .text.serial_get_last_char
                0x00000000080015c0       0x34 src/serial.o
                0x00000000080015c0                serial_get_last_char
 .text.serial_input_not_empty
                0x00000000080015f4       0x18 src/serial.o
 .text.serial_input_character
                0x000000000800160c       0x1c src/serial.o
 .text.USART2_IRQHandler
                0x0000000008001628       0x2c src/serial.o
                0x0000000008001628                USART2_IRQHandler
 .text.Reset_Handler
                0x0000000008001654       0x50 src/startup_stm32f40xx.o
                0x0000000008001654                Reset_Handler
 .text.Default_Handler
                0x00000000080016a4        0x2 src/startup_stm32f40xx.o
                0x00000000080016a4                RTC_Alarm_IRQHandler
                0x00000000080016a4                HASH_RNG_IRQHandler
                0x00000000080016a4                EXTI2_IRQHandler
                0x00000000080016a4                TIM8_CC_IRQHandler
                0x00000000080016a4                TIM1_CC_IRQHandler
                0x00000000080016a4                DMA2_Stream5_IRQHandler
                0x00000000080016a4                DMA1_Stream5_IRQHandler
                0x00000000080016a4                PVD_IRQHandler
                0x00000000080016a4                SDIO_IRQHandler
                0x00000000080016a4                TAMP_STAMP_IRQHandler
                0x00000000080016a4                CAN2_RX1_IRQHandler
                0x00000000080016a4                EXTI3_IRQHandler
                0x00000000080016a4                TIM8_TRG_COM_TIM14_IRQHandler
                0x00000000080016a4                TIM1_UP_TIM10_IRQHandler
                0x00000000080016a4                TIM8_UP_TIM13_IRQHandler
                0x00000000080016a4                I2C3_ER_IRQHandler
                0x00000000080016a4                EXTI0_IRQHandler
                0x00000000080016a4                I2C2_EV_IRQHandler
                0x00000000080016a4                DMA1_Stream2_IRQHandler
                0x00000000080016a4                CAN1_RX0_IRQHandler
                0x00000000080016a4                FPU_IRQHandler
                0x00000000080016a4                OTG_HS_WKUP_IRQHandler
                0x00000000080016a4                CAN2_SCE_IRQHandler
                0x00000000080016a4                DMA2_Stream2_IRQHandler
                0x00000000080016a4                SPI1_IRQHandler
                0x00000000080016a4                TIM6_DAC_IRQHandler
                0x00000000080016a4                TIM1_BRK_TIM9_IRQHandler
                0x00000000080016a4                DCMI_IRQHandler
                0x00000000080016a4                CAN2_RX0_IRQHandler
                0x00000000080016a4                DMA2_Stream3_IRQHandler
                0x00000000080016a4                USART6_IRQHandler
                0x00000000080016a4                USART3_IRQHandler
                0x00000000080016a4                CRYP_IRQHandler
                0x00000000080016a4                CAN1_RX1_IRQHandler
                0x00000000080016a4                UART5_IRQHandler
                0x00000000080016a4                DMA2_Stream0_IRQHandler
                0x00000000080016a4                TIM4_IRQHandler
                0x00000000080016a4                I2C1_EV_IRQHandler
                0x00000000080016a4                DMA1_Stream6_IRQHandler
                0x00000000080016a4                DMA1_Stream1_IRQHandler
                0x00000000080016a4                UART4_IRQHandler
                0x00000000080016a4                TIM3_IRQHandler
                0x00000000080016a4                RCC_IRQHandler
                0x00000000080016a4                TIM8_BRK_TIM12_IRQHandler
                0x00000000080016a4                Default_Handler
                0x00000000080016a4                EXTI15_10_IRQHandler
                0x00000000080016a4                ADC_IRQHandler
                0x00000000080016a4                TIM7_IRQHandler
                0x00000000080016a4                CAN2_TX_IRQHandler
                0x00000000080016a4                TIM5_IRQHandler
                0x00000000080016a4                DMA2_Stream7_IRQHandler
                0x00000000080016a4                I2C3_EV_IRQHandler
                0x00000000080016a4                EXTI9_5_IRQHandler
                0x00000000080016a4                RTC_WKUP_IRQHandler
                0x00000000080016a4                ETH_WKUP_IRQHandler
                0x00000000080016a4                SPI2_IRQHandler
                0x00000000080016a4                OTG_HS_EP1_IN_IRQHandler
                0x00000000080016a4                CAN1_TX_IRQHandler
                0x00000000080016a4                EXTI4_IRQHandler
                0x00000000080016a4                FSMC_IRQHandler
                0x00000000080016a4                ETH_IRQHandler
                0x00000000080016a4                OTG_HS_EP1_OUT_IRQHandler
                0x00000000080016a4                WWDG_IRQHandler
                0x00000000080016a4                TIM2_IRQHandler
                0x00000000080016a4                OTG_FS_WKUP_IRQHandler
                0x00000000080016a4                TIM1_TRG_COM_TIM11_IRQHandler
                0x00000000080016a4                OTG_HS_IRQHandler
                0x00000000080016a4                EXTI1_IRQHandler
                0x00000000080016a4                I2C2_ER_IRQHandler
                0x00000000080016a4                DMA2_Stream1_IRQHandler
                0x00000000080016a4                CAN1_SCE_IRQHandler
                0x00000000080016a4                FLASH_IRQHandler
                0x00000000080016a4                DMA2_Stream4_IRQHandler
                0x00000000080016a4                USART1_IRQHandler
                0x00000000080016a4                OTG_FS_IRQHandler
                0x00000000080016a4                DMA1_Stream4_IRQHandler
                0x00000000080016a4                I2C1_ER_IRQHandler
                0x00000000080016a4                DMA2_Stream6_IRQHandler
                0x00000000080016a4                DMA1_Stream3_IRQHandler
 .text.NMI_Handler
                0x00000000080016a6        0xe src/stm32f4xx_it.o
                0x00000000080016a6                NMI_Handler
 .text.HardFault_Handler
                0x00000000080016b4        0x6 src/stm32f4xx_it.o
                0x00000000080016b4                HardFault_Handler
 .text.MemManage_Handler
                0x00000000080016ba        0x6 src/stm32f4xx_it.o
                0x00000000080016ba                MemManage_Handler
 .text.BusFault_Handler
                0x00000000080016c0        0x6 src/stm32f4xx_it.o
                0x00000000080016c0                BusFault_Handler
 .text.UsageFault_Handler
                0x00000000080016c6        0x6 src/stm32f4xx_it.o
                0x00000000080016c6                UsageFault_Handler
 .text.SVC_Handler
                0x00000000080016cc        0xe src/stm32f4xx_it.o
                0x00000000080016cc                SVC_Handler
 .text.DebugMon_Handler
                0x00000000080016da        0xe src/stm32f4xx_it.o
                0x00000000080016da                DebugMon_Handler
 .text.PendSV_Handler
                0x00000000080016e8        0xe src/stm32f4xx_it.o
                0x00000000080016e8                PendSV_Handler
 .text.SysTick_Handler
                0x00000000080016f6        0xe src/stm32f4xx_it.o
                0x00000000080016f6                SysTick_Handler
 .text.SystemInit
                0x0000000008001704       0x6c src/system_stm32f4xx.o
                0x0000000008001704                SystemInit
 .text.SetSysClock
                0x0000000008001770       0xf8 src/system_stm32f4xx.o
 .text.vt100_move
                0x0000000008001868       0xf8 src/vt100.o
                0x0000000008001868                vt100_move
 .text.vt100_clear_screen
                0x0000000008001960       0x44 src/vt100.o
                0x0000000008001960                vt100_clear_screen
 .text.__libc_init_array
                0x00000000080019a4       0x48 /opt/Atollic_TrueSTUDIO_for_STM32_x86_64_9.3.0/ARMTools/bin/../lib/gcc/arm-atollic-eabi/6.3.1/../../../../arm-atollic-eabi/lib/armv7e-m/fpu/libc_nano.a(lib_a-init.o)
                0x00000000080019a4                __libc_init_array
 *(.glue_7)
 .glue_7        0x00000000080019ec        0x0 linker stubs
 *(.glue_7t)
 .glue_7t       0x00000000080019ec        0x0 linker stubs
 *(.eh_frame)
 .eh_frame      0x00000000080019ec        0x0 /opt/Atollic_TrueSTUDIO_for_STM32_x86_64_9.3.0/ARMTools/bin/../lib/gcc/arm-atollic-eabi/6.3.1/armv7e-m/fpu/crtbegin.o
 *(.init)
 .init          0x00000000080019ec        0x4 /opt/Atollic_TrueSTUDIO_for_STM32_x86_64_9.3.0/ARMTools/bin/../lib/gcc/arm-atollic-eabi/6.3.1/armv7e-m/fpu/crti.o
                0x00000000080019ec                _init
 .init          0x00000000080019f0        0x8 /opt/Atollic_TrueSTUDIO_for_STM32_x86_64_9.3.0/ARMTools/bin/../lib/gcc/arm-atollic-eabi/6.3.1/armv7e-m/fpu/crtn.o
 *(.fini)
 .fini          0x00000000080019f8        0x4 /opt/Atollic_TrueSTUDIO_for_STM32_x86_64_9.3.0/ARMTools/bin/../lib/gcc/arm-atollic-eabi/6.3.1/armv7e-m/fpu/crti.o
                0x00000000080019f8                _fini
 .fini          0x00000000080019fc        0x8 /opt/Atollic_TrueSTUDIO_for_STM32_x86_64_9.3.0/ARMTools/bin/../lib/gcc/arm-atollic-eabi/6.3.1/armv7e-m/fpu/crtn.o
                0x0000000008001a04                . = ALIGN (0x4)
                0x0000000008001a04                _etext = .

.vfp11_veneer   0x0000000008001a04        0x0
 .vfp11_veneer  0x0000000008001a04        0x0 linker stubs

.v4_bx          0x0000000008001a04        0x0
 .v4_bx         0x0000000008001a04        0x0 linker stubs

.iplt           0x0000000008001a04        0x0
 .iplt          0x0000000008001a04        0x0 /opt/Atollic_TrueSTUDIO_for_STM32_x86_64_9.3.0/ARMTools/bin/../lib/gcc/arm-atollic-eabi/6.3.1/armv7e-m/fpu/crtbegin.o

.rodata         0x0000000008001a04      0x160
                0x0000000008001a04                . = ALIGN (0x4)
 *(.rodata)
 .rodata        0x0000000008001a04      0x146 src/accueil.o
 *(.rodata*)
 *fill*         0x0000000008001b4a        0x2 
 .rodata.GPIO_PIN
                0x0000000008001b4c        0x8 Utilities/STM32F4-Discovery/stm32f4_discovery.o
                0x0000000008001b4c                GPIO_PIN
 .rodata.GPIO_CLK
                0x0000000008001b54       0x10 Utilities/STM32F4-Discovery/stm32f4_discovery.o
                0x0000000008001b54                GPIO_CLK
                0x0000000008001b64                . = ALIGN (0x4)

.rel.dyn        0x0000000008001b64        0x0
 .rel.iplt      0x0000000008001b64        0x0 /opt/Atollic_TrueSTUDIO_for_STM32_x86_64_9.3.0/ARMTools/bin/../lib/gcc/arm-atollic-eabi/6.3.1/armv7e-m/fpu/crtbegin.o

.ARM.extab
 *(.ARM.extab* .gnu.linkonce.armextab.*)

.ARM            0x0000000008001b64        0x0
                0x0000000008001b64                __exidx_start = .
 *(.ARM.exidx*)
                0x0000000008001b64                __exidx_end = .

.preinit_array  0x0000000008001b64        0x0
                0x0000000008001b64                PROVIDE (__preinit_array_start, .)
 *(.preinit_array*)
                0x0000000008001b64                PROVIDE (__preinit_array_end, .)

.init_array     0x0000000008001b64        0x4
                0x0000000008001b64                PROVIDE (__init_array_start, .)
 *(SORT(.init_array.*))
 *(.init_array*)
 .init_array    0x0000000008001b64        0x4 /opt/Atollic_TrueSTUDIO_for_STM32_x86_64_9.3.0/ARMTools/bin/../lib/gcc/arm-atollic-eabi/6.3.1/armv7e-m/fpu/crtbegin.o
                0x0000000008001b68                PROVIDE (__init_array_end, .)

.fini_array     0x0000000008001b68        0x4
                [!provide]                        PROVIDE (__fini_array_start, .)
 *(SORT(.fini_array.*))
 *(.fini_array*)
 .fini_array    0x0000000008001b68        0x4 /opt/Atollic_TrueSTUDIO_for_STM32_x86_64_9.3.0/ARMTools/bin/../lib/gcc/arm-atollic-eabi/6.3.1/armv7e-m/fpu/crtbegin.o
                [!provide]                        PROVIDE (__fini_array_end, .)
                0x0000000008001b6c                _sidata = LOADADDR (.data)

.data           0x0000000020000000       0x4c load address 0x0000000008001b6c
                0x0000000020000000                . = ALIGN (0x4)
                0x0000000020000000                _sdata = .
 *(.data)
 *(.data*)
 .data.APBAHBPrescTable
                0x0000000020000000       0x10 Libraries/STM32F4xx_StdPeriph_Driver/src/stm32f4xx_rcc.o
 .data.GPIO_PORT
                0x0000000020000010       0x10 Utilities/STM32F4-Discovery/stm32f4_discovery.o
                0x0000000020000010                GPIO_PORT
 .data.AudioRemSize
                0x0000000020000020        0x4 Utilities/STM32F4-Discovery/stm32f4_discovery_audio_codec.o
                0x0000000020000020                AudioRemSize
 .data.CurrAudioInterface
                0x0000000020000024        0x4 Utilities/STM32F4-Discovery/stm32f4_discovery_audio_codec.o
                0x0000000020000024                CurrAudioInterface
 .data.AUDIO_MAL_DMA_STREAM
                0x0000000020000028        0x4 Utilities/STM32F4-Discovery/stm32f4_discovery_audio_codec.o
                0x0000000020000028                AUDIO_MAL_DMA_STREAM
 .data.AUDIO_MAL_DMA_FLAG_TC
                0x000000002000002c        0x4 Utilities/STM32F4-Discovery/stm32f4_discovery_audio_codec.o
                0x000000002000002c                AUDIO_MAL_DMA_FLAG_TC
 .data.x        0x0000000020000030        0xb src/accueil.o
 *fill*         0x000000002000003b        0x1 
 .data.y        0x000000002000003c        0xb src/accueil.o
 .data.x1       0x0000000020000047        0x1 src/accueil.o
 .data.last_char_read
                0x0000000020000048        0x1 src/serial.o
                0x000000002000004c                . = ALIGN (0x4)
 *fill*         0x0000000020000049        0x3 
                0x000000002000004c                _edata = .
                0x0000000008001bb8                _siccmram = LOADADDR (.ccmram)

.igot.plt       0x000000002000004c        0x0 load address 0x0000000008001bb8
 .igot.plt      0x000000002000004c        0x0 /opt/Atollic_TrueSTUDIO_for_STM32_x86_64_9.3.0/ARMTools/bin/../lib/gcc/arm-atollic-eabi/6.3.1/armv7e-m/fpu/crtbegin.o

.ccmram         0x0000000010000000        0x0 load address 0x0000000008001bb8
                0x0000000010000000                . = ALIGN (0x4)
                0x0000000010000000                _sccmram = .
 *(.ccmram)
 *(.ccmram*)
                0x0000000010000000                . = ALIGN (0x4)
                0x0000000010000000                _eccmram = .
                0x0000000010000000                . = ALIGN (0x4)

.bss            0x000000002000004c       0x9c
                0x000000002000004c                _sbss = .
                0x000000002000004c                __bss_start__ = _sbss
 *(.bss)
 .bss           0x000000002000004c       0x1c /opt/Atollic_TrueSTUDIO_for_STM32_x86_64_9.3.0/ARMTools/bin/../lib/gcc/arm-atollic-eabi/6.3.1/armv7e-m/fpu/crtbegin.o
 *(.bss*)
 .bss.compteur  0x0000000020000068        0x1 src/accueil.o
 .bss.xt        0x0000000020000069        0x1 src/accueil.o
 .bss.last_char
                0x000000002000006a        0x1 src/serial.o
 *(COMMON)
 *fill*         0x000000002000006b        0x1 
 COMMON         0x000000002000006c       0x7c Utilities/STM32F4-Discovery/stm32f4_discovery_audio_codec.o
                0x000000002000006c                CurrentPos
                0x0000000020000070                AUDIO_MAL_DMA_InitStructure
                0x00000000200000ac                DMA_InitStructure
                0x00000000200000e8                . = ALIGN (0x4)
                0x00000000200000e8                _ebss = .
                0x00000000200000e8                __bss_end__ = _ebss

._user_heap_stack
                0x00000000200000e8      0x400
                0x00000000200000e8                . = ALIGN (0x4)
                [!provide]                        PROVIDE (end, .)
                [!provide]                        PROVIDE (_end, .)
                0x00000000200000e8                . = (. + _Min_Heap_Size)
                0x00000000200004e8                . = (. + _Min_Stack_Size)
 *fill*         0x00000000200000e8      0x400 
                0x00000000200004e8                . = ALIGN (0x4)

.memory_b1_text
 *(.mb1text)
 *(.mb1text*)
 *(.mb1rodata)
 *(.mb1rodata*)

/DISCARD/
 libc.a(*)
 libm.a(*)
 libgcc.a(*)

.ARM.attributes
                0x0000000000000000       0x30
 *(.ARM.attributes)
 .ARM.attributes
                0x0000000000000000       0x22 /opt/Atollic_TrueSTUDIO_for_STM32_x86_64_9.3.0/ARMTools/bin/../lib/gcc/arm-atollic-eabi/6.3.1/armv7e-m/fpu/crti.o
 .ARM.attributes
                0x0000000000000022       0x34 /opt/Atollic_TrueSTUDIO_for_STM32_x86_64_9.3.0/ARMTools/bin/../lib/gcc/arm-atollic-eabi/6.3.1/armv7e-m/fpu/crtbegin.o
 .ARM.attributes
                0x0000000000000056       0x39 Libraries/STM32F4xx_StdPeriph_Driver/src/misc.o
 .ARM.attributes
                0x000000000000008f       0x39 Libraries/STM32F4xx_StdPeriph_Driver/src/stm32f4xx_dac.o
 .ARM.attributes
                0x00000000000000c8       0x39 Libraries/STM32F4xx_StdPeriph_Driver/src/stm32f4xx_dma.o
 .ARM.attributes
                0x0000000000000101       0x39 Libraries/STM32F4xx_StdPeriph_Driver/src/stm32f4xx_gpio.o
 .ARM.attributes
                0x000000000000013a       0x39 Libraries/STM32F4xx_StdPeriph_Driver/src/stm32f4xx_rcc.o
 .ARM.attributes
                0x0000000000000173       0x39 Libraries/STM32F4xx_StdPeriph_Driver/src/stm32f4xx_spi.o
 .ARM.attributes
                0x00000000000001ac       0x39 Libraries/STM32F4xx_StdPeriph_Driver/src/stm32f4xx_usart.o
 .ARM.attributes
                0x00000000000001e5       0x39 Utilities/STM32F4-Discovery/stm32f4_discovery.o
 .ARM.attributes
                0x000000000000021e       0x39 Utilities/STM32F4-Discovery/stm32f4_discovery_audio_codec.o
 .ARM.attributes
                0x0000000000000257       0x39 src/accueil.o
 .ARM.attributes
                0x0000000000000290       0x39 src/main.o
 .ARM.attributes
                0x00000000000002c9       0x39 src/serial.o
 .ARM.attributes
                0x0000000000000302       0x21 src/startup_stm32f40xx.o
 .ARM.attributes
                0x0000000000000323       0x39 src/stm32f4xx_it.o
 .ARM.attributes
                0x000000000000035c       0x39 src/system_stm32f4xx.o
 .ARM.attributes
                0x0000000000000395       0x39 src/vt100.o
 .ARM.attributes
                0x00000000000003ce       0x34 /opt/Atollic_TrueSTUDIO_for_STM32_x86_64_9.3.0/ARMTools/bin/../lib/gcc/arm-atollic-eabi/6.3.1/../../../../arm-atollic-eabi/lib/armv7e-m/fpu/libc_nano.a(lib_a-init.o)
 .ARM.attributes
                0x0000000000000402       0x22 /opt/Atollic_TrueSTUDIO_for_STM32_x86_64_9.3.0/ARMTools/bin/../lib/gcc/arm-atollic-eabi/6.3.1/armv7e-m/fpu/crtn.o
OUTPUT(space_invader_martins.elf elf32-littlearm)

.debug_info     0x0000000000000000     0x6811
 .debug_info    0x0000000000000000      0x54d Libraries/STM32F4xx_StdPeriph_Driver/src/misc.o
 .debug_info    0x000000000000054d      0x654 Libraries/STM32F4xx_StdPeriph_Driver/src/stm32f4xx_dac.o
 .debug_info    0x0000000000000ba1      0x74c Libraries/STM32F4xx_StdPeriph_Driver/src/stm32f4xx_dma.o
 .debug_info    0x00000000000012ed      0x628 Libraries/STM32F4xx_StdPeriph_Driver/src/stm32f4xx_gpio.o
 .debug_info    0x0000000000001915      0xc98 Libraries/STM32F4xx_StdPeriph_Driver/src/stm32f4xx_rcc.o
 .debug_info    0x00000000000025ad      0xb1a Libraries/STM32F4xx_StdPeriph_Driver/src/stm32f4xx_spi.o
 .debug_info    0x00000000000030c7      0x9d5 Libraries/STM32F4xx_StdPeriph_Driver/src/stm32f4xx_usart.o
 .debug_info    0x0000000000003a9c      0x8ae Utilities/STM32F4-Discovery/stm32f4_discovery.o
 .debug_info    0x000000000000434a     0x10a5 Utilities/STM32F4-Discovery/stm32f4_discovery_audio_codec.o
 .debug_info    0x00000000000053ef      0x2b1 src/accueil.o
 .debug_info    0x00000000000056a0      0x17a src/main.o
 .debug_info    0x000000000000581a      0x77a src/serial.o
 .debug_info    0x0000000000005f94       0x8f src/startup_stm32f40xx.o
 .debug_info    0x0000000000006023      0x154 src/stm32f4xx_it.o
 .debug_info    0x0000000000006177      0x5dd src/system_stm32f4xx.o
 .debug_info    0x0000000000006754       0xbd src/vt100.o

.debug_abbrev   0x0000000000000000     0x157f
 .debug_abbrev  0x0000000000000000      0x172 Libraries/STM32F4xx_StdPeriph_Driver/src/misc.o
 .debug_abbrev  0x0000000000000172      0x191 Libraries/STM32F4xx_StdPeriph_Driver/src/stm32f4xx_dac.o
 .debug_abbrev  0x0000000000000303      0x168 Libraries/STM32F4xx_StdPeriph_Driver/src/stm32f4xx_dma.o
 .debug_abbrev  0x000000000000046b      0x1b8 Libraries/STM32F4xx_StdPeriph_Driver/src/stm32f4xx_gpio.o
 .debug_abbrev  0x0000000000000623      0x1f8 Libraries/STM32F4xx_StdPeriph_Driver/src/stm32f4xx_rcc.o
 .debug_abbrev  0x000000000000081b      0x17a Libraries/STM32F4xx_StdPeriph_Driver/src/stm32f4xx_spi.o
 .debug_abbrev  0x0000000000000995      0x182 Libraries/STM32F4xx_StdPeriph_Driver/src/stm32f4xx_usart.o
 .debug_abbrev  0x0000000000000b17      0x1bd Utilities/STM32F4-Discovery/stm32f4_discovery.o
 .debug_abbrev  0x0000000000000cd4      0x276 Utilities/STM32F4-Discovery/stm32f4_discovery_audio_codec.o
 .debug_abbrev  0x0000000000000f4a      0x105 src/accueil.o
 .debug_abbrev  0x000000000000104f       0xe6 src/main.o
 .debug_abbrev  0x0000000000001135      0x1f2 src/serial.o
 .debug_abbrev  0x0000000000001327       0x12 src/startup_stm32f40xx.o
 .debug_abbrev  0x0000000000001339       0x78 src/stm32f4xx_it.o
 .debug_abbrev  0x00000000000013b1      0x158 src/system_stm32f4xx.o
 .debug_abbrev  0x0000000000001509       0x76 src/vt100.o

.debug_aranges  0x0000000000000000      0x8c0
 .debug_aranges
                0x0000000000000000       0x40 Libraries/STM32F4xx_StdPeriph_Driver/src/misc.o
 .debug_aranges
                0x0000000000000040       0xa0 Libraries/STM32F4xx_StdPeriph_Driver/src/stm32f4xx_dac.o
 .debug_aranges
                0x00000000000000e0       0xb0 Libraries/STM32F4xx_StdPeriph_Driver/src/stm32f4xx_dma.o
 .debug_aranges
                0x0000000000000190       0x88 Libraries/STM32F4xx_StdPeriph_Driver/src/stm32f4xx_gpio.o
 .debug_aranges
                0x0000000000000218      0x180 Libraries/STM32F4xx_StdPeriph_Driver/src/stm32f4xx_rcc.o
 .debug_aranges
                0x0000000000000398       0xe0 Libraries/STM32F4xx_StdPeriph_Driver/src/stm32f4xx_spi.o
 .debug_aranges
                0x0000000000000478      0x100 Libraries/STM32F4xx_StdPeriph_Driver/src/stm32f4xx_usart.o
 .debug_aranges
                0x0000000000000578       0x48 Utilities/STM32F4-Discovery/stm32f4_discovery.o
 .debug_aranges
                0x00000000000005c0      0x130 Utilities/STM32F4-Discovery/stm32f4_discovery_audio_codec.o
 .debug_aranges
                0x00000000000006f0       0x70 src/accueil.o
 .debug_aranges
                0x0000000000000760       0x30 src/main.o
 .debug_aranges
                0x0000000000000790       0x50 src/serial.o
 .debug_aranges
                0x00000000000007e0       0x28 src/startup_stm32f40xx.o
 .debug_aranges
                0x0000000000000808       0x60 src/stm32f4xx_it.o
 .debug_aranges
                0x0000000000000868       0x30 src/system_stm32f4xx.o
 .debug_aranges
                0x0000000000000898       0x28 src/vt100.o

.debug_ranges   0x0000000000000000      0x7c8
 .debug_ranges  0x0000000000000000       0x30 Libraries/STM32F4xx_StdPeriph_Driver/src/misc.o
 .debug_ranges  0x0000000000000030       0x90 Libraries/STM32F4xx_StdPeriph_Driver/src/stm32f4xx_dac.o
 .debug_ranges  0x00000000000000c0       0xa0 Libraries/STM32F4xx_StdPeriph_Driver/src/stm32f4xx_dma.o
 .debug_ranges  0x0000000000000160       0x78 Libraries/STM32F4xx_StdPeriph_Driver/src/stm32f4xx_gpio.o
 .debug_ranges  0x00000000000001d8      0x170 Libraries/STM32F4xx_StdPeriph_Driver/src/stm32f4xx_rcc.o
 .debug_ranges  0x0000000000000348       0xd0 Libraries/STM32F4xx_StdPeriph_Driver/src/stm32f4xx_spi.o
 .debug_ranges  0x0000000000000418       0xf0 Libraries/STM32F4xx_StdPeriph_Driver/src/stm32f4xx_usart.o
 .debug_ranges  0x0000000000000508       0x38 Utilities/STM32F4-Discovery/stm32f4_discovery.o
 .debug_ranges  0x0000000000000540      0x120 Utilities/STM32F4-Discovery/stm32f4_discovery_audio_codec.o
 .debug_ranges  0x0000000000000660       0x60 src/accueil.o
 .debug_ranges  0x00000000000006c0       0x20 src/main.o
 .debug_ranges  0x00000000000006e0       0x40 src/serial.o
 .debug_ranges  0x0000000000000720       0x20 src/startup_stm32f40xx.o
 .debug_ranges  0x0000000000000740       0x50 src/stm32f4xx_it.o
 .debug_ranges  0x0000000000000790       0x20 src/system_stm32f4xx.o
 .debug_ranges  0x00000000000007b0       0x18 src/vt100.o

.debug_line     0x0000000000000000     0x32d1
 .debug_line    0x0000000000000000      0x23d Libraries/STM32F4xx_StdPeriph_Driver/src/misc.o
 .debug_line    0x000000000000023d      0x351 Libraries/STM32F4xx_StdPeriph_Driver/src/stm32f4xx_dac.o
 .debug_line    0x000000000000058e      0x429 Libraries/STM32F4xx_StdPeriph_Driver/src/stm32f4xx_dma.o
 .debug_line    0x00000000000009b7      0x35f Libraries/STM32F4xx_StdPeriph_Driver/src/stm32f4xx_gpio.o
 .debug_line    0x0000000000000d16      0x5b7 Libraries/STM32F4xx_StdPeriph_Driver/src/stm32f4xx_rcc.o
 .debug_line    0x00000000000012cd      0x46f Libraries/STM32F4xx_StdPeriph_Driver/src/stm32f4xx_spi.o
 .debug_line    0x000000000000173c      0x4c9 Libraries/STM32F4xx_StdPeriph_Driver/src/stm32f4xx_usart.o
 .debug_line    0x0000000000001c05      0x28e Utilities/STM32F4-Discovery/stm32f4_discovery.o
 .debug_line    0x0000000000001e93      0x6f9 Utilities/STM32F4-Discovery/stm32f4_discovery_audio_codec.o
 .debug_line    0x000000000000258c      0x307 src/accueil.o
 .debug_line    0x0000000000002893      0x203 src/main.o
 .debug_line    0x0000000000002a96      0x27b src/serial.o
 .debug_line    0x0000000000002d11       0x7a src/startup_stm32f40xx.o
 .debug_line    0x0000000000002d8b      0x211 src/stm32f4xx_it.o
 .debug_line    0x0000000000002f9c      0x203 src/system_stm32f4xx.o
 .debug_line    0x000000000000319f      0x132 src/vt100.o

.debug_str      0x0000000000000000     0x2b2b
 .debug_str     0x0000000000000000      0x41e Libraries/STM32F4xx_StdPeriph_Driver/src/misc.o
                                        0x46b (size before relaxing)
 .debug_str     0x000000000000041e      0x2a8 Libraries/STM32F4xx_StdPeriph_Driver/src/stm32f4xx_dac.o
                                        0x4f0 (size before relaxing)
 .debug_str     0x00000000000006c6      0x384 Libraries/STM32F4xx_StdPeriph_Driver/src/stm32f4xx_dma.o
                                        0x5df (size before relaxing)
 .debug_str     0x0000000000000a4a      0x305 Libraries/STM32F4xx_StdPeriph_Driver/src/stm32f4xx_gpio.o
                                        0x540 (size before relaxing)
 .debug_str     0x0000000000000d4f      0x665 Libraries/STM32F4xx_StdPeriph_Driver/src/stm32f4xx_rcc.o
                                        0x916 (size before relaxing)
 .debug_str     0x00000000000013b4      0x3a7 Libraries/STM32F4xx_StdPeriph_Driver/src/stm32f4xx_spi.o
                                        0x727 (size before relaxing)
 .debug_str     0x000000000000175b      0x423 Libraries/STM32F4xx_StdPeriph_Driver/src/stm32f4xx_usart.o
                                        0x72c (size before relaxing)
 .debug_str     0x0000000000001b7e      0x7a0 Utilities/STM32F4-Discovery/stm32f4_discovery.o
                                        0xbc6 (size before relaxing)
 .debug_str     0x000000000000231e      0x510 Utilities/STM32F4-Discovery/stm32f4_discovery_audio_codec.o
                                       0x1110 (size before relaxing)
 .debug_str     0x000000000000282e       0x9c src/accueil.o
                                        0x260 (size before relaxing)
 .debug_str     0x00000000000028ca       0x5b src/main.o
                                        0x282 (size before relaxing)
 .debug_str     0x0000000000002925       0xa4 src/serial.o
                                        0xad6 (size before relaxing)
 .debug_str     0x00000000000029c9       0xa6 src/stm32f4xx_it.o
                                        0x28c (size before relaxing)
 .debug_str     0x0000000000002a6f       0x8f src/system_stm32f4xx.o
                                        0x41f (size before relaxing)
 .debug_str     0x0000000000002afe       0x2d src/vt100.o
                                        0x1d9 (size before relaxing)

.comment        0x0000000000000000       0x7c
 .comment       0x0000000000000000       0x7c Libraries/STM32F4xx_StdPeriph_Driver/src/misc.o
                                         0x7d (size before relaxing)
 .comment       0x000000000000007c       0x7d Libraries/STM32F4xx_StdPeriph_Driver/src/stm32f4xx_dac.o
 .comment       0x000000000000007c       0x7d Libraries/STM32F4xx_StdPeriph_Driver/src/stm32f4xx_dma.o
 .comment       0x000000000000007c       0x7d Libraries/STM32F4xx_StdPeriph_Driver/src/stm32f4xx_gpio.o
 .comment       0x000000000000007c       0x7d Libraries/STM32F4xx_StdPeriph_Driver/src/stm32f4xx_rcc.o
 .comment       0x000000000000007c       0x7d Libraries/STM32F4xx_StdPeriph_Driver/src/stm32f4xx_spi.o
 .comment       0x000000000000007c       0x7d Libraries/STM32F4xx_StdPeriph_Driver/src/stm32f4xx_usart.o
 .comment       0x000000000000007c       0x7d Utilities/STM32F4-Discovery/stm32f4_discovery.o
 .comment       0x000000000000007c       0x7d Utilities/STM32F4-Discovery/stm32f4_discovery_audio_codec.o
 .comment       0x000000000000007c       0x7d src/accueil.o
 .comment       0x000000000000007c       0x7d src/main.o
 .comment       0x000000000000007c       0x7d src/serial.o
 .comment       0x000000000000007c       0x7d src/stm32f4xx_it.o
 .comment       0x000000000000007c       0x7d src/system_stm32f4xx.o
 .comment       0x000000000000007c       0x7d src/vt100.o

.debug_frame    0x0000000000000000     0x2304
 .debug_frame   0x0000000000000000       0xd8 Libraries/STM32F4xx_StdPeriph_Driver/src/misc.o
 .debug_frame   0x00000000000000d8      0x2ac Libraries/STM32F4xx_StdPeriph_Driver/src/stm32f4xx_dac.o
 .debug_frame   0x0000000000000384      0x308 Libraries/STM32F4xx_StdPeriph_Driver/src/stm32f4xx_dma.o
 .debug_frame   0x000000000000068c      0x23c Libraries/STM32F4xx_StdPeriph_Driver/src/stm32f4xx_gpio.o
 .debug_frame   0x00000000000008c8      0x6fc Libraries/STM32F4xx_StdPeriph_Driver/src/stm32f4xx_rcc.o
 .debug_frame   0x0000000000000fc4      0x3f4 Libraries/STM32F4xx_StdPeriph_Driver/src/stm32f4xx_spi.o
 .debug_frame   0x00000000000013b8      0x490 Libraries/STM32F4xx_StdPeriph_Driver/src/stm32f4xx_usart.o
 .debug_frame   0x0000000000001848       0xf4 Utilities/STM32F4-Discovery/stm32f4_discovery.o
 .debug_frame   0x000000000000193c      0x4bc Utilities/STM32F4-Discovery/stm32f4_discovery_audio_codec.o
 .debug_frame   0x0000000000001df8      0x194 src/accueil.o
 .debug_frame   0x0000000000001f8c       0x78 src/main.o
 .debug_frame   0x0000000000002004       0xf8 src/serial.o
 .debug_frame   0x00000000000020fc      0x110 src/stm32f4xx_it.o
 .debug_frame   0x000000000000220c       0x7c src/system_stm32f4xx.o
 .debug_frame   0x0000000000002288       0x50 src/vt100.o
 .debug_frame   0x00000000000022d8       0x2c /opt/Atollic_TrueSTUDIO_for_STM32_x86_64_9.3.0/ARMTools/bin/../lib/gcc/arm-atollic-eabi/6.3.1/../../../../arm-atollic-eabi/lib/armv7e-m/fpu/libc_nano.a(lib_a-init.o)

.stabstr        0x0000000000000000       0x3f
 .stabstr       0x0000000000000000       0x3f /opt/Atollic_TrueSTUDIO_for_STM32_x86_64_9.3.0/ARMTools/bin/../lib/gcc/arm-atollic-eabi/6.3.1/../../../../arm-atollic-eabi/lib/armv7e-m/fpu/libnosys.a(write.o)

Cross Reference Table

Symbol                                            File
ADC_AnalogWatchdogCmd                             Libraries/STM32F4xx_StdPeriph_Driver/src/stm32f4xx_adc.o
ADC_AnalogWatchdogSingleChannelConfig             Libraries/STM32F4xx_StdPeriph_Driver/src/stm32f4xx_adc.o
ADC_AnalogWatchdogThresholdsConfig                Libraries/STM32F4xx_StdPeriph_Driver/src/stm32f4xx_adc.o
ADC_AutoInjectedConvCmd                           Libraries/STM32F4xx_StdPeriph_Driver/src/stm32f4xx_adc.o
ADC_ClearFlag                                     Libraries/STM32F4xx_StdPeriph_Driver/src/stm32f4xx_adc.o
ADC_ClearITPendingBit                             Libraries/STM32F4xx_StdPeriph_Driver/src/stm32f4xx_adc.o
ADC_Cmd                                           Libraries/STM32F4xx_StdPeriph_Driver/src/stm32f4xx_adc.o
ADC_CommonInit                                    Libraries/STM32F4xx_StdPeriph_Driver/src/stm32f4xx_adc.o
ADC_CommonStructInit                              Libraries/STM32F4xx_StdPeriph_Driver/src/stm32f4xx_adc.o
ADC_ContinuousModeCmd                             Libraries/STM32F4xx_StdPeriph_Driver/src/stm32f4xx_adc.o
ADC_DMACmd                                        Libraries/STM32F4xx_StdPeriph_Driver/src/stm32f4xx_adc.o
ADC_DMARequestAfterLastTransferCmd                Libraries/STM32F4xx_StdPeriph_Driver/src/stm32f4xx_adc.o
ADC_DeInit                                        Libraries/STM32F4xx_StdPeriph_Driver/src/stm32f4xx_adc.o
ADC_DiscModeChannelCountConfig                    Libraries/STM32F4xx_StdPeriph_Driver/src/stm32f4xx_adc.o
ADC_DiscModeCmd                                   Libraries/STM32F4xx_StdPeriph_Driver/src/stm32f4xx_adc.o
ADC_EOCOnEachRegularChannelCmd                    Libraries/STM32F4xx_StdPeriph_Driver/src/stm32f4xx_adc.o
ADC_ExternalTrigInjectedConvConfig                Libraries/STM32F4xx_StdPeriph_Driver/src/stm32f4xx_adc.o
ADC_ExternalTrigInjectedConvEdgeConfig            Libraries/STM32F4xx_StdPeriph_Driver/src/stm32f4xx_adc.o
ADC_GetConversionValue                            Libraries/STM32F4xx_StdPeriph_Driver/src/stm32f4xx_adc.o
ADC_GetFlagStatus                                 Libraries/STM32F4xx_StdPeriph_Driver/src/stm32f4xx_adc.o
ADC_GetITStatus                                   Libraries/STM32F4xx_StdPeriph_Driver/src/stm32f4xx_adc.o
ADC_GetInjectedConversionValue                    Libraries/STM32F4xx_StdPeriph_Driver/src/stm32f4xx_adc.o
ADC_GetMultiModeConversionValue                   Libraries/STM32F4xx_StdPeriph_Driver/src/stm32f4xx_adc.o
ADC_GetSoftwareStartConvStatus                    Libraries/STM32F4xx_StdPeriph_Driver/src/stm32f4xx_adc.o
ADC_GetSoftwareStartInjectedConvCmdStatus         Libraries/STM32F4xx_StdPeriph_Driver/src/stm32f4xx_adc.o
ADC_IRQHandler                                    src/startup_stm32f40xx.o
ADC_ITConfig                                      Libraries/STM32F4xx_StdPeriph_Driver/src/stm32f4xx_adc.o
ADC_Init                                          Libraries/STM32F4xx_StdPeriph_Driver/src/stm32f4xx_adc.o
ADC_InjectedChannelConfig                         Libraries/STM32F4xx_StdPeriph_Driver/src/stm32f4xx_adc.o
ADC_InjectedDiscModeCmd                           Libraries/STM32F4xx_StdPeriph_Driver/src/stm32f4xx_adc.o
ADC_InjectedSequencerLengthConfig                 Libraries/STM32F4xx_StdPeriph_Driver/src/stm32f4xx_adc.o
ADC_MultiModeDMARequestAfterLastTransferCmd       Libraries/STM32F4xx_StdPeriph_Driver/src/stm32f4xx_adc.o
ADC_RegularChannelConfig                          Libraries/STM32F4xx_StdPeriph_Driver/src/stm32f4xx_adc.o
ADC_SetInjectedOffset                             Libraries/STM32F4xx_StdPeriph_Driver/src/stm32f4xx_adc.o
ADC_SoftwareStartConv                             Libraries/STM32F4xx_StdPeriph_Driver/src/stm32f4xx_adc.o
ADC_SoftwareStartInjectedConv                     Libraries/STM32F4xx_StdPeriph_Driver/src/stm32f4xx_adc.o
ADC_StructInit                                    Libraries/STM32F4xx_StdPeriph_Driver/src/stm32f4xx_adc.o
ADC_TempSensorVrefintCmd                          Libraries/STM32F4xx_StdPeriph_Driver/src/stm32f4xx_adc.o
ADC_VBATCmd                                       Libraries/STM32F4xx_StdPeriph_Driver/src/stm32f4xx_adc.o
AHBPrescTable                                     src/system_stm32f4xx.o
AUDIO_MAL_DMA_CHANNEL                             Utilities/STM32F4-Discovery/stm32f4_discovery_audio_codec.o
AUDIO_MAL_DMA_CLOCK                               Utilities/STM32F4-Discovery/stm32f4_discovery_audio_codec.o
AUDIO_MAL_DMA_DREG                                Utilities/STM32F4-Discovery/stm32f4_discovery_audio_codec.o
AUDIO_MAL_DMA_FLAG_DME                            Utilities/STM32F4-Discovery/stm32f4_discovery_audio_codec.o
AUDIO_MAL_DMA_FLAG_FE                             Utilities/STM32F4-Discovery/stm32f4_discovery_audio_codec.o
AUDIO_MAL_DMA_FLAG_HT                             Utilities/STM32F4-Discovery/stm32f4_discovery_audio_codec.o
AUDIO_MAL_DMA_FLAG_TC                             Utilities/STM32F4-Discovery/stm32f4_discovery_audio_codec.o
AUDIO_MAL_DMA_FLAG_TE                             Utilities/STM32F4-Discovery/stm32f4_discovery_audio_codec.o
AUDIO_MAL_DMA_IRQ                                 Utilities/STM32F4-Discovery/stm32f4_discovery_audio_codec.o
AUDIO_MAL_DMA_InitStructure                       Utilities/STM32F4-Discovery/stm32f4_discovery_audio_codec.o
AUDIO_MAL_DMA_STREAM                              Utilities/STM32F4-Discovery/stm32f4_discovery_audio_codec.o
AudioRemSize                                      Utilities/STM32F4-Discovery/stm32f4_discovery_audio_codec.o
AudioTotalSize                                    Utilities/STM32F4-Discovery/stm32f4_discovery_audio_codec.o
Audio_MAL_Play                                    Utilities/STM32F4-Discovery/stm32f4_discovery_audio_codec.o
BUTTON_CLK                                        Utilities/STM32F4-Discovery/stm32f4_discovery.o
BUTTON_EXTI_LINE                                  Utilities/STM32F4-Discovery/stm32f4_discovery.o
BUTTON_IRQn                                       Utilities/STM32F4-Discovery/stm32f4_discovery.o
BUTTON_PIN                                        Utilities/STM32F4-Discovery/stm32f4_discovery.o
BUTTON_PIN_SOURCE                                 Utilities/STM32F4-Discovery/stm32f4_discovery.o
BUTTON_PORT                                       Utilities/STM32F4-Discovery/stm32f4_discovery.o
BUTTON_PORT_SOURCE                                Utilities/STM32F4-Discovery/stm32f4_discovery.o
BusFault_Handler                                  src/stm32f4xx_it.o
                                                  src/startup_stm32f40xx.o
CAN1_RX0_IRQHandler                               src/startup_stm32f40xx.o
CAN1_RX1_IRQHandler                               src/startup_stm32f40xx.o
CAN1_SCE_IRQHandler                               src/startup_stm32f40xx.o
CAN1_TX_IRQHandler                                src/startup_stm32f40xx.o
CAN2_RX0_IRQHandler                               src/startup_stm32f40xx.o
CAN2_RX1_IRQHandler                               src/startup_stm32f40xx.o
CAN2_SCE_IRQHandler                               src/startup_stm32f40xx.o
CAN2_TX_IRQHandler                                src/startup_stm32f40xx.o
CAN_CancelTransmit                                Libraries/STM32F4xx_StdPeriph_Driver/src/stm32f4xx_can.o
CAN_ClearFlag                                     Libraries/STM32F4xx_StdPeriph_Driver/src/stm32f4xx_can.o
CAN_ClearITPendingBit                             Libraries/STM32F4xx_StdPeriph_Driver/src/stm32f4xx_can.o
CAN_DBGFreeze                                     Libraries/STM32F4xx_StdPeriph_Driver/src/stm32f4xx_can.o
CAN_DeInit                                        Libraries/STM32F4xx_StdPeriph_Driver/src/stm32f4xx_can.o
CAN_FIFORelease                                   Libraries/STM32F4xx_StdPeriph_Driver/src/stm32f4xx_can.o
CAN_FilterInit                                    Libraries/STM32F4xx_StdPeriph_Driver/src/stm32f4xx_can.o
CAN_GetFlagStatus                                 Libraries/STM32F4xx_StdPeriph_Driver/src/stm32f4xx_can.o
CAN_GetITStatus                                   Libraries/STM32F4xx_StdPeriph_Driver/src/stm32f4xx_can.o
CAN_GetLSBTransmitErrorCounter                    Libraries/STM32F4xx_StdPeriph_Driver/src/stm32f4xx_can.o
CAN_GetLastErrorCode                              Libraries/STM32F4xx_StdPeriph_Driver/src/stm32f4xx_can.o
CAN_GetReceiveErrorCounter                        Libraries/STM32F4xx_StdPeriph_Driver/src/stm32f4xx_can.o
CAN_ITConfig                                      Libraries/STM32F4xx_StdPeriph_Driver/src/stm32f4xx_can.o
CAN_Init                                          Libraries/STM32F4xx_StdPeriph_Driver/src/stm32f4xx_can.o
CAN_MessagePending                                Libraries/STM32F4xx_StdPeriph_Driver/src/stm32f4xx_can.o
CAN_OperatingModeRequest                          Libraries/STM32F4xx_StdPeriph_Driver/src/stm32f4xx_can.o
CAN_Receive                                       Libraries/STM32F4xx_StdPeriph_Driver/src/stm32f4xx_can.o
CAN_SlaveStartBank                                Libraries/STM32F4xx_StdPeriph_Driver/src/stm32f4xx_can.o
CAN_Sleep                                         Libraries/STM32F4xx_StdPeriph_Driver/src/stm32f4xx_can.o
CAN_StructInit                                    Libraries/STM32F4xx_StdPeriph_Driver/src/stm32f4xx_can.o
CAN_TTComModeCmd                                  Libraries/STM32F4xx_StdPeriph_Driver/src/stm32f4xx_can.o
CAN_Transmit                                      Libraries/STM32F4xx_StdPeriph_Driver/src/stm32f4xx_can.o
CAN_TransmitStatus                                Libraries/STM32F4xx_StdPeriph_Driver/src/stm32f4xx_can.o
CAN_WakeUp                                        Libraries/STM32F4xx_StdPeriph_Driver/src/stm32f4xx_can.o
CODECTimeout                                      Utilities/STM32F4-Discovery/stm32f4_discovery_audio_codec.o
CRC_CalcBlockCRC                                  Libraries/STM32F4xx_StdPeriph_Driver/src/stm32f4xx_crc.o
CRC_CalcCRC                                       Libraries/STM32F4xx_StdPeriph_Driver/src/stm32f4xx_crc.o
CRC_GetCRC                                        Libraries/STM32F4xx_StdPeriph_Driver/src/stm32f4xx_crc.o
CRC_GetIDRegister                                 Libraries/STM32F4xx_StdPeriph_Driver/src/stm32f4xx_crc.o
CRC_ResetDR                                       Libraries/STM32F4xx_StdPeriph_Driver/src/stm32f4xx_crc.o
CRC_SetIDRegister                                 Libraries/STM32F4xx_StdPeriph_Driver/src/stm32f4xx_crc.o
CRYP_AES_CBC                                      Libraries/STM32F4xx_StdPeriph_Driver/src/stm32f4xx_cryp_aes.o
CRYP_AES_CCM                                      Libraries/STM32F4xx_StdPeriph_Driver/src/stm32f4xx_cryp_aes.o
CRYP_AES_CTR                                      Libraries/STM32F4xx_StdPeriph_Driver/src/stm32f4xx_cryp_aes.o
CRYP_AES_ECB                                      Libraries/STM32F4xx_StdPeriph_Driver/src/stm32f4xx_cryp_aes.o
CRYP_AES_GCM                                      Libraries/STM32F4xx_StdPeriph_Driver/src/stm32f4xx_cryp_aes.o
CRYP_Cmd                                          Libraries/STM32F4xx_StdPeriph_Driver/src/stm32f4xx_cryp.o
                                                  Libraries/STM32F4xx_StdPeriph_Driver/src/stm32f4xx_cryp_tdes.o
                                                  Libraries/STM32F4xx_StdPeriph_Driver/src/stm32f4xx_cryp_des.o
                                                  Libraries/STM32F4xx_StdPeriph_Driver/src/stm32f4xx_cryp_aes.o
CRYP_DES_CBC                                      Libraries/STM32F4xx_StdPeriph_Driver/src/stm32f4xx_cryp_des.o
CRYP_DES_ECB                                      Libraries/STM32F4xx_StdPeriph_Driver/src/stm32f4xx_cryp_des.o
CRYP_DMACmd                                       Libraries/STM32F4xx_StdPeriph_Driver/src/stm32f4xx_cryp.o
CRYP_DataIn                                       Libraries/STM32F4xx_StdPeriph_Driver/src/stm32f4xx_cryp.o
                                                  Libraries/STM32F4xx_StdPeriph_Driver/src/stm32f4xx_cryp_tdes.o
                                                  Libraries/STM32F4xx_StdPeriph_Driver/src/stm32f4xx_cryp_des.o
                                                  Libraries/STM32F4xx_StdPeriph_Driver/src/stm32f4xx_cryp_aes.o
CRYP_DataOut                                      Libraries/STM32F4xx_StdPeriph_Driver/src/stm32f4xx_cryp.o
                                                  Libraries/STM32F4xx_StdPeriph_Driver/src/stm32f4xx_cryp_tdes.o
                                                  Libraries/STM32F4xx_StdPeriph_Driver/src/stm32f4xx_cryp_des.o
                                                  Libraries/STM32F4xx_StdPeriph_Driver/src/stm32f4xx_cryp_aes.o
CRYP_DeInit                                       Libraries/STM32F4xx_StdPeriph_Driver/src/stm32f4xx_cryp.o
CRYP_FIFOFlush                                    Libraries/STM32F4xx_StdPeriph_Driver/src/stm32f4xx_cryp.o
                                                  Libraries/STM32F4xx_StdPeriph_Driver/src/stm32f4xx_cryp_tdes.o
                                                  Libraries/STM32F4xx_StdPeriph_Driver/src/stm32f4xx_cryp_des.o
                                                  Libraries/STM32F4xx_StdPeriph_Driver/src/stm32f4xx_cryp_aes.o
CRYP_GetCmdStatus                                 Libraries/STM32F4xx_StdPeriph_Driver/src/stm32f4xx_cryp.o
                                                  Libraries/STM32F4xx_StdPeriph_Driver/src/stm32f4xx_cryp_tdes.o
                                                  Libraries/STM32F4xx_StdPeriph_Driver/src/stm32f4xx_cryp_des.o
                                                  Libraries/STM32F4xx_StdPeriph_Driver/src/stm32f4xx_cryp_aes.o
CRYP_GetFlagStatus                                Libraries/STM32F4xx_StdPeriph_Driver/src/stm32f4xx_cryp.o
                                                  Libraries/STM32F4xx_StdPeriph_Driver/src/stm32f4xx_cryp_tdes.o
                                                  Libraries/STM32F4xx_StdPeriph_Driver/src/stm32f4xx_cryp_des.o
                                                  Libraries/STM32F4xx_StdPeriph_Driver/src/stm32f4xx_cryp_aes.o
CRYP_GetITStatus                                  Libraries/STM32F4xx_StdPeriph_Driver/src/stm32f4xx_cryp.o
CRYP_IRQHandler                                   src/startup_stm32f40xx.o
CRYP_ITConfig                                     Libraries/STM32F4xx_StdPeriph_Driver/src/stm32f4xx_cryp.o
CRYP_IVInit                                       Libraries/STM32F4xx_StdPeriph_Driver/src/stm32f4xx_cryp.o
                                                  Libraries/STM32F4xx_StdPeriph_Driver/src/stm32f4xx_cryp_tdes.o
                                                  Libraries/STM32F4xx_StdPeriph_Driver/src/stm32f4xx_cryp_des.o
                                                  Libraries/STM32F4xx_StdPeriph_Driver/src/stm32f4xx_cryp_aes.o
CRYP_IVStructInit                                 Libraries/STM32F4xx_StdPeriph_Driver/src/stm32f4xx_cryp.o
CRYP_Init                                         Libraries/STM32F4xx_StdPeriph_Driver/src/stm32f4xx_cryp.o
                                                  Libraries/STM32F4xx_StdPeriph_Driver/src/stm32f4xx_cryp_tdes.o
                                                  Libraries/STM32F4xx_StdPeriph_Driver/src/stm32f4xx_cryp_des.o
                                                  Libraries/STM32F4xx_StdPeriph_Driver/src/stm32f4xx_cryp_aes.o
CRYP_KeyInit                                      Libraries/STM32F4xx_StdPeriph_Driver/src/stm32f4xx_cryp.o
                                                  Libraries/STM32F4xx_StdPeriph_Driver/src/stm32f4xx_cryp_tdes.o
                                                  Libraries/STM32F4xx_StdPeriph_Driver/src/stm32f4xx_cryp_des.o
                                                  Libraries/STM32F4xx_StdPeriph_Driver/src/stm32f4xx_cryp_aes.o
CRYP_KeyStructInit                                Libraries/STM32F4xx_StdPeriph_Driver/src/stm32f4xx_cryp.o
                                                  Libraries/STM32F4xx_StdPeriph_Driver/src/stm32f4xx_cryp_tdes.o
                                                  Libraries/STM32F4xx_StdPeriph_Driver/src/stm32f4xx_cryp_des.o
                                                  Libraries/STM32F4xx_StdPeriph_Driver/src/stm32f4xx_cryp_aes.o
CRYP_PhaseConfig                                  Libraries/STM32F4xx_StdPeriph_Driver/src/stm32f4xx_cryp.o
                                                  Libraries/STM32F4xx_StdPeriph_Driver/src/stm32f4xx_cryp_aes.o
CRYP_RestoreContext                               Libraries/STM32F4xx_StdPeriph_Driver/src/stm32f4xx_cryp.o
CRYP_SaveContext                                  Libraries/STM32F4xx_StdPeriph_Driver/src/stm32f4xx_cryp.o
CRYP_StructInit                                   Libraries/STM32F4xx_StdPeriph_Driver/src/stm32f4xx_cryp.o
CRYP_TDES_CBC                                     Libraries/STM32F4xx_StdPeriph_Driver/src/stm32f4xx_cryp_tdes.o
CRYP_TDES_ECB                                     Libraries/STM32F4xx_StdPeriph_Driver/src/stm32f4xx_cryp_tdes.o
Codec_TIMEOUT_UserCallback                        Utilities/STM32F4-Discovery/stm32f4_discovery_audio_codec.o
CurrAudioInterface                                Utilities/STM32F4-Discovery/stm32f4_discovery_audio_codec.o
CurrentPos                                        Utilities/STM32F4-Discovery/stm32f4_discovery_audio_codec.o
DAC_ClearFlag                                     Libraries/STM32F4xx_StdPeriph_Driver/src/stm32f4xx_dac.o
DAC_ClearITPendingBit                             Libraries/STM32F4xx_StdPeriph_Driver/src/stm32f4xx_dac.o
DAC_Cmd                                           Libraries/STM32F4xx_StdPeriph_Driver/src/stm32f4xx_dac.o
                                                  Utilities/STM32F4-Discovery/stm32f4_discovery_audio_codec.o
DAC_Config                                        Utilities/STM32F4-Discovery/stm32f4_discovery_audio_codec.o
DAC_DMACmd                                        Libraries/STM32F4xx_StdPeriph_Driver/src/stm32f4xx_dac.o
DAC_DeInit                                        Libraries/STM32F4xx_StdPeriph_Driver/src/stm32f4xx_dac.o
DAC_DualSoftwareTriggerCmd                        Libraries/STM32F4xx_StdPeriph_Driver/src/stm32f4xx_dac.o
DAC_GetDataOutputValue                            Libraries/STM32F4xx_StdPeriph_Driver/src/stm32f4xx_dac.o
DAC_GetFlagStatus                                 Libraries/STM32F4xx_StdPeriph_Driver/src/stm32f4xx_dac.o
DAC_GetITStatus                                   Libraries/STM32F4xx_StdPeriph_Driver/src/stm32f4xx_dac.o
DAC_ITConfig                                      Libraries/STM32F4xx_StdPeriph_Driver/src/stm32f4xx_dac.o
DAC_Init                                          Libraries/STM32F4xx_StdPeriph_Driver/src/stm32f4xx_dac.o
                                                  Utilities/STM32F4-Discovery/stm32f4_discovery_audio_codec.o
DAC_SetChannel1Data                               Libraries/STM32F4xx_StdPeriph_Driver/src/stm32f4xx_dac.o
                                                  Utilities/STM32F4-Discovery/stm32f4_discovery_audio_codec.o
DAC_SetChannel2Data                               Libraries/STM32F4xx_StdPeriph_Driver/src/stm32f4xx_dac.o
DAC_SetDualChannelData                            Libraries/STM32F4xx_StdPeriph_Driver/src/stm32f4xx_dac.o
DAC_SoftwareTriggerCmd                            Libraries/STM32F4xx_StdPeriph_Driver/src/stm32f4xx_dac.o
DAC_StructInit                                    Libraries/STM32F4xx_StdPeriph_Driver/src/stm32f4xx_dac.o
DAC_WaveGenerationCmd                             Libraries/STM32F4xx_StdPeriph_Driver/src/stm32f4xx_dac.o
DBGMCU_APB1PeriphConfig                           Libraries/STM32F4xx_StdPeriph_Driver/src/stm32f4xx_dbgmcu.o
DBGMCU_APB2PeriphConfig                           Libraries/STM32F4xx_StdPeriph_Driver/src/stm32f4xx_dbgmcu.o
DBGMCU_Config                                     Libraries/STM32F4xx_StdPeriph_Driver/src/stm32f4xx_dbgmcu.o
DBGMCU_GetDEVID                                   Libraries/STM32F4xx_StdPeriph_Driver/src/stm32f4xx_dbgmcu.o
DBGMCU_GetREVID                                   Libraries/STM32F4xx_StdPeriph_Driver/src/stm32f4xx_dbgmcu.o
DCMI_CROPCmd                                      Libraries/STM32F4xx_StdPeriph_Driver/src/stm32f4xx_dcmi.o
DCMI_CROPConfig                                   Libraries/STM32F4xx_StdPeriph_Driver/src/stm32f4xx_dcmi.o
DCMI_CaptureCmd                                   Libraries/STM32F4xx_StdPeriph_Driver/src/stm32f4xx_dcmi.o
DCMI_ClearFlag                                    Libraries/STM32F4xx_StdPeriph_Driver/src/stm32f4xx_dcmi.o
DCMI_ClearITPendingBit                            Libraries/STM32F4xx_StdPeriph_Driver/src/stm32f4xx_dcmi.o
DCMI_Cmd                                          Libraries/STM32F4xx_StdPeriph_Driver/src/stm32f4xx_dcmi.o
DCMI_DeInit                                       Libraries/STM32F4xx_StdPeriph_Driver/src/stm32f4xx_dcmi.o
DCMI_GetFlagStatus                                Libraries/STM32F4xx_StdPeriph_Driver/src/stm32f4xx_dcmi.o
DCMI_GetITStatus                                  Libraries/STM32F4xx_StdPeriph_Driver/src/stm32f4xx_dcmi.o
DCMI_IRQHandler                                   src/startup_stm32f40xx.o
DCMI_ITConfig                                     Libraries/STM32F4xx_StdPeriph_Driver/src/stm32f4xx_dcmi.o
DCMI_Init                                         Libraries/STM32F4xx_StdPeriph_Driver/src/stm32f4xx_dcmi.o
DCMI_JPEGCmd                                      Libraries/STM32F4xx_StdPeriph_Driver/src/stm32f4xx_dcmi.o
DCMI_ReadData                                     Libraries/STM32F4xx_StdPeriph_Driver/src/stm32f4xx_dcmi.o
DCMI_SetEmbeddedSynchroCodes                      Libraries/STM32F4xx_StdPeriph_Driver/src/stm32f4xx_dcmi.o
DCMI_StructInit                                   Libraries/STM32F4xx_StdPeriph_Driver/src/stm32f4xx_dcmi.o
DMA1_Stream0_IRQHandler                           Utilities/STM32F4-Discovery/stm32f4_discovery_audio_codec.o
DMA1_Stream1_IRQHandler                           src/startup_stm32f40xx.o
DMA1_Stream2_IRQHandler                           src/startup_stm32f40xx.o
DMA1_Stream3_IRQHandler                           src/startup_stm32f40xx.o
DMA1_Stream4_IRQHandler                           src/startup_stm32f40xx.o
DMA1_Stream5_IRQHandler                           src/startup_stm32f40xx.o
DMA1_Stream6_IRQHandler                           src/startup_stm32f40xx.o
DMA1_Stream7_IRQHandler                           Utilities/STM32F4-Discovery/stm32f4_discovery_audio_codec.o
DMA2_Stream0_IRQHandler                           src/startup_stm32f40xx.o
DMA2_Stream1_IRQHandler                           src/startup_stm32f40xx.o
DMA2_Stream2_IRQHandler                           src/startup_stm32f40xx.o
DMA2_Stream3_IRQHandler                           src/startup_stm32f40xx.o
DMA2_Stream4_IRQHandler                           src/startup_stm32f40xx.o
DMA2_Stream5_IRQHandler                           src/startup_stm32f40xx.o
DMA2_Stream6_IRQHandler                           src/startup_stm32f40xx.o
DMA2_Stream7_IRQHandler                           src/startup_stm32f40xx.o
DMA_ClearFlag                                     Libraries/STM32F4xx_StdPeriph_Driver/src/stm32f4xx_dma.o
                                                  Utilities/STM32F4-Discovery/stm32f4_discovery_audio_codec.o
DMA_ClearITPendingBit                             Libraries/STM32F4xx_StdPeriph_Driver/src/stm32f4xx_dma.o
DMA_Cmd                                           Libraries/STM32F4xx_StdPeriph_Driver/src/stm32f4xx_dma.o
                                                  Utilities/STM32F4-Discovery/stm32f4_discovery_audio_codec.o
DMA_DeInit                                        Libraries/STM32F4xx_StdPeriph_Driver/src/stm32f4xx_dma.o
                                                  Utilities/STM32F4-Discovery/stm32f4_discovery_audio_codec.o
DMA_DoubleBufferModeCmd                           Libraries/STM32F4xx_StdPeriph_Driver/src/stm32f4xx_dma.o
DMA_DoubleBufferModeConfig                        Libraries/STM32F4xx_StdPeriph_Driver/src/stm32f4xx_dma.o
DMA_FlowControllerConfig                          Libraries/STM32F4xx_StdPeriph_Driver/src/stm32f4xx_dma.o
DMA_GetCmdStatus                                  Libraries/STM32F4xx_StdPeriph_Driver/src/stm32f4xx_dma.o
                                                  Utilities/STM32F4-Discovery/stm32f4_discovery_audio_codec.o
DMA_GetCurrDataCounter                            Libraries/STM32F4xx_StdPeriph_Driver/src/stm32f4xx_dma.o
DMA_GetCurrentMemoryTarget                        Libraries/STM32F4xx_StdPeriph_Driver/src/stm32f4xx_dma.o
DMA_GetFIFOStatus                                 Libraries/STM32F4xx_StdPeriph_Driver/src/stm32f4xx_dma.o
DMA_GetFlagStatus                                 Libraries/STM32F4xx_StdPeriph_Driver/src/stm32f4xx_dma.o
                                                  Utilities/STM32F4-Discovery/stm32f4_discovery_audio_codec.o
DMA_GetITStatus                                   Libraries/STM32F4xx_StdPeriph_Driver/src/stm32f4xx_dma.o
DMA_ITConfig                                      Libraries/STM32F4xx_StdPeriph_Driver/src/stm32f4xx_dma.o
                                                  Utilities/STM32F4-Discovery/stm32f4_discovery_audio_codec.o
DMA_Init                                          Libraries/STM32F4xx_StdPeriph_Driver/src/stm32f4xx_dma.o
                                                  Utilities/STM32F4-Discovery/stm32f4_discovery_audio_codec.o
DMA_InitStructure                                 Utilities/STM32F4-Discovery/stm32f4_discovery_audio_codec.o
DMA_MemoryTargetConfig                            Libraries/STM32F4xx_StdPeriph_Driver/src/stm32f4xx_dma.o
DMA_PeriphIncOffsetSizeConfig                     Libraries/STM32F4xx_StdPeriph_Driver/src/stm32f4xx_dma.o
DMA_SetCurrDataCounter                            Libraries/STM32F4xx_StdPeriph_Driver/src/stm32f4xx_dma.o
DMA_StructInit                                    Libraries/STM32F4xx_StdPeriph_Driver/src/stm32f4xx_dma.o
DebugMon_Handler                                  src/stm32f4xx_it.o
                                                  src/startup_stm32f40xx.o
Default_Handler                                   src/startup_stm32f40xx.o
ETH_IRQHandler                                    src/startup_stm32f40xx.o
ETH_WKUP_IRQHandler                               src/startup_stm32f40xx.o
EVAL_AUDIO_DeInit                                 Utilities/STM32F4-Discovery/stm32f4_discovery_audio_codec.o
EVAL_AUDIO_GetSampleCallBack                      src/main.o
                                                  Utilities/STM32F4-Discovery/stm32f4_discovery_audio_codec.o
EVAL_AUDIO_Init                                   Utilities/STM32F4-Discovery/stm32f4_discovery_audio_codec.o
EVAL_AUDIO_Mute                                   Utilities/STM32F4-Discovery/stm32f4_discovery_audio_codec.o
EVAL_AUDIO_PauseResume                            Utilities/STM32F4-Discovery/stm32f4_discovery_audio_codec.o
EVAL_AUDIO_Play                                   Utilities/STM32F4-Discovery/stm32f4_discovery_audio_codec.o
EVAL_AUDIO_SetAudioInterface                      Utilities/STM32F4-Discovery/stm32f4_discovery_audio_codec.o
EVAL_AUDIO_Stop                                   Utilities/STM32F4-Discovery/stm32f4_discovery_audio_codec.o
EVAL_AUDIO_TransferComplete_CallBack              src/main.o
                                                  Utilities/STM32F4-Discovery/stm32f4_discovery_audio_codec.o
EVAL_AUDIO_VolumeCtl                              Utilities/STM32F4-Discovery/stm32f4_discovery_audio_codec.o
EXTI0_IRQHandler                                  src/startup_stm32f40xx.o
EXTI15_10_IRQHandler                              src/startup_stm32f40xx.o
EXTI1_IRQHandler                                  src/startup_stm32f40xx.o
EXTI2_IRQHandler                                  src/startup_stm32f40xx.o
EXTI3_IRQHandler                                  src/startup_stm32f40xx.o
EXTI4_IRQHandler                                  src/startup_stm32f40xx.o
EXTI9_5_IRQHandler                                src/startup_stm32f40xx.o
EXTI_ClearFlag                                    Libraries/STM32F4xx_StdPeriph_Driver/src/stm32f4xx_exti.o
EXTI_ClearITPendingBit                            Libraries/STM32F4xx_StdPeriph_Driver/src/stm32f4xx_exti.o
EXTI_DeInit                                       Libraries/STM32F4xx_StdPeriph_Driver/src/stm32f4xx_exti.o
EXTI_GenerateSWInterrupt                          Libraries/STM32F4xx_StdPeriph_Driver/src/stm32f4xx_exti.o
EXTI_GetFlagStatus                                Libraries/STM32F4xx_StdPeriph_Driver/src/stm32f4xx_exti.o
EXTI_GetITStatus                                  Libraries/STM32F4xx_StdPeriph_Driver/src/stm32f4xx_exti.o
EXTI_Init                                         Libraries/STM32F4xx_StdPeriph_Driver/src/stm32f4xx_exti.o
                                                  Utilities/STM32F4-Discovery/stm32f4_discovery.o
EXTI_StructInit                                   Libraries/STM32F4xx_StdPeriph_Driver/src/stm32f4xx_exti.o
FLASH_ClearFlag                                   Libraries/STM32F4xx_StdPeriph_Driver/src/stm32f4xx_flash.o
FLASH_DataCacheCmd                                Libraries/STM32F4xx_StdPeriph_Driver/src/stm32f4xx_flash.o
FLASH_DataCacheReset                              Libraries/STM32F4xx_StdPeriph_Driver/src/stm32f4xx_flash.o
FLASH_EraseAllSectors                             Libraries/STM32F4xx_StdPeriph_Driver/src/stm32f4xx_flash.o
FLASH_EraseSector                                 Libraries/STM32F4xx_StdPeriph_Driver/src/stm32f4xx_flash.o
FLASH_GetFlagStatus                               Libraries/STM32F4xx_StdPeriph_Driver/src/stm32f4xx_flash.o
FLASH_GetStatus                                   Libraries/STM32F4xx_StdPeriph_Driver/src/stm32f4xx_flash.o
FLASH_IRQHandler                                  src/startup_stm32f40xx.o
FLASH_ITConfig                                    Libraries/STM32F4xx_StdPeriph_Driver/src/stm32f4xx_flash.o
FLASH_InstructionCacheCmd                         Libraries/STM32F4xx_StdPeriph_Driver/src/stm32f4xx_flash.o
FLASH_InstructionCacheReset                       Libraries/STM32F4xx_StdPeriph_Driver/src/stm32f4xx_flash.o
FLASH_Lock                                        Libraries/STM32F4xx_StdPeriph_Driver/src/stm32f4xx_flash.o
FLASH_OB_BORConfig                                Libraries/STM32F4xx_StdPeriph_Driver/src/stm32f4xx_flash.o
FLASH_OB_GetBOR                                   Libraries/STM32F4xx_StdPeriph_Driver/src/stm32f4xx_flash.o
FLASH_OB_GetRDP                                   Libraries/STM32F4xx_StdPeriph_Driver/src/stm32f4xx_flash.o
FLASH_OB_GetUser                                  Libraries/STM32F4xx_StdPeriph_Driver/src/stm32f4xx_flash.o
FLASH_OB_GetWRP                                   Libraries/STM32F4xx_StdPeriph_Driver/src/stm32f4xx_flash.o
FLASH_OB_GetWRP1                                  Libraries/STM32F4xx_StdPeriph_Driver/src/stm32f4xx_flash.o
FLASH_OB_Launch                                   Libraries/STM32F4xx_StdPeriph_Driver/src/stm32f4xx_flash.o
FLASH_OB_Lock                                     Libraries/STM32F4xx_StdPeriph_Driver/src/stm32f4xx_flash.o
FLASH_OB_RDPConfig                                Libraries/STM32F4xx_StdPeriph_Driver/src/stm32f4xx_flash.o
FLASH_OB_Unlock                                   Libraries/STM32F4xx_StdPeriph_Driver/src/stm32f4xx_flash.o
FLASH_OB_UserConfig                               Libraries/STM32F4xx_StdPeriph_Driver/src/stm32f4xx_flash.o
FLASH_OB_WRP1Config                               Libraries/STM32F4xx_StdPeriph_Driver/src/stm32f4xx_flash.o
FLASH_OB_WRPConfig                                Libraries/STM32F4xx_StdPeriph_Driver/src/stm32f4xx_flash.o
FLASH_PrefetchBufferCmd                           Libraries/STM32F4xx_StdPeriph_Driver/src/stm32f4xx_flash.o
FLASH_ProgramByte                                 Libraries/STM32F4xx_StdPeriph_Driver/src/stm32f4xx_flash.o
FLASH_ProgramDoubleWord                           Libraries/STM32F4xx_StdPeriph_Driver/src/stm32f4xx_flash.o
FLASH_ProgramHalfWord                             Libraries/STM32F4xx_StdPeriph_Driver/src/stm32f4xx_flash.o
FLASH_ProgramWord                                 Libraries/STM32F4xx_StdPeriph_Driver/src/stm32f4xx_flash.o
FLASH_SetLatency                                  Libraries/STM32F4xx_StdPeriph_Driver/src/stm32f4xx_flash.o
FLASH_Unlock                                      Libraries/STM32F4xx_StdPeriph_Driver/src/stm32f4xx_flash.o
FLASH_WaitForLastOperation                        Libraries/STM32F4xx_StdPeriph_Driver/src/stm32f4xx_flash.o
FPU_IRQHandler                                    src/startup_stm32f40xx.o
FSMC_ClearFlag                                    Libraries/STM32F4xx_StdPeriph_Driver/src/stm32f4xx_fsmc.o
FSMC_ClearITPendingBit                            Libraries/STM32F4xx_StdPeriph_Driver/src/stm32f4xx_fsmc.o
FSMC_GetECC                                       Libraries/STM32F4xx_StdPeriph_Driver/src/stm32f4xx_fsmc.o
FSMC_GetFlagStatus                                Libraries/STM32F4xx_StdPeriph_Driver/src/stm32f4xx_fsmc.o
FSMC_GetITStatus                                  Libraries/STM32F4xx_StdPeriph_Driver/src/stm32f4xx_fsmc.o
FSMC_IRQHandler                                   src/startup_stm32f40xx.o
FSMC_ITConfig                                     Libraries/STM32F4xx_StdPeriph_Driver/src/stm32f4xx_fsmc.o
FSMC_NANDCmd                                      Libraries/STM32F4xx_StdPeriph_Driver/src/stm32f4xx_fsmc.o
FSMC_NANDDeInit                                   Libraries/STM32F4xx_StdPeriph_Driver/src/stm32f4xx_fsmc.o
FSMC_NANDECCCmd                                   Libraries/STM32F4xx_StdPeriph_Driver/src/stm32f4xx_fsmc.o
FSMC_NANDInit                                     Libraries/STM32F4xx_StdPeriph_Driver/src/stm32f4xx_fsmc.o
FSMC_NANDStructInit                               Libraries/STM32F4xx_StdPeriph_Driver/src/stm32f4xx_fsmc.o
FSMC_NORSRAMCmd                                   Libraries/STM32F4xx_StdPeriph_Driver/src/stm32f4xx_fsmc.o
FSMC_NORSRAMDeInit                                Libraries/STM32F4xx_StdPeriph_Driver/src/stm32f4xx_fsmc.o
FSMC_NORSRAMInit                                  Libraries/STM32F4xx_StdPeriph_Driver/src/stm32f4xx_fsmc.o
FSMC_NORSRAMStructInit                            Libraries/STM32F4xx_StdPeriph_Driver/src/stm32f4xx_fsmc.o
FSMC_PCCARDCmd                                    Libraries/STM32F4xx_StdPeriph_Driver/src/stm32f4xx_fsmc.o
FSMC_PCCARDDeInit                                 Libraries/STM32F4xx_StdPeriph_Driver/src/stm32f4xx_fsmc.o
FSMC_PCCARDInit                                   Libraries/STM32F4xx_StdPeriph_Driver/src/stm32f4xx_fsmc.o
FSMC_PCCARDStructInit                             Libraries/STM32F4xx_StdPeriph_Driver/src/stm32f4xx_fsmc.o
GPIO_CLK                                          Utilities/STM32F4-Discovery/stm32f4_discovery.o
GPIO_DeInit                                       Libraries/STM32F4xx_StdPeriph_Driver/src/stm32f4xx_gpio.o
GPIO_Init                                         Libraries/STM32F4xx_StdPeriph_Driver/src/stm32f4xx_gpio.o
                                                  src/serial.o
                                                  Utilities/STM32F4-Discovery/stm32f4_discovery_lis302dl.o
                                                  Utilities/STM32F4-Discovery/stm32f4_discovery_audio_codec.o
                                                  Utilities/STM32F4-Discovery/stm32f4_discovery.o
GPIO_PIN                                          Utilities/STM32F4-Discovery/stm32f4_discovery.o
GPIO_PORT                                         Utilities/STM32F4-Discovery/stm32f4_discovery.o
GPIO_PinAFConfig                                  Libraries/STM32F4xx_StdPeriph_Driver/src/stm32f4xx_gpio.o
                                                  src/serial.o
                                                  Utilities/STM32F4-Discovery/stm32f4_discovery_lis302dl.o
                                                  Utilities/STM32F4-Discovery/stm32f4_discovery_audio_codec.o
GPIO_PinLockConfig                                Libraries/STM32F4xx_StdPeriph_Driver/src/stm32f4xx_gpio.o
GPIO_ReadInputData                                Libraries/STM32F4xx_StdPeriph_Driver/src/stm32f4xx_gpio.o
GPIO_ReadInputDataBit                             Libraries/STM32F4xx_StdPeriph_Driver/src/stm32f4xx_gpio.o
                                                  Utilities/STM32F4-Discovery/stm32f4_discovery.o
GPIO_ReadOutputData                               Libraries/STM32F4xx_StdPeriph_Driver/src/stm32f4xx_gpio.o
GPIO_ReadOutputDataBit                            Libraries/STM32F4xx_StdPeriph_Driver/src/stm32f4xx_gpio.o
GPIO_ResetBits                                    Libraries/STM32F4xx_StdPeriph_Driver/src/stm32f4xx_gpio.o
                                                  Utilities/STM32F4-Discovery/stm32f4_discovery_lis302dl.o
GPIO_SetBits                                      Libraries/STM32F4xx_StdPeriph_Driver/src/stm32f4xx_gpio.o
                                                  Utilities/STM32F4-Discovery/stm32f4_discovery_lis302dl.o
GPIO_StructInit                                   Libraries/STM32F4xx_StdPeriph_Driver/src/stm32f4xx_gpio.o
GPIO_ToggleBits                                   Libraries/STM32F4xx_StdPeriph_Driver/src/stm32f4xx_gpio.o
GPIO_Write                                        Libraries/STM32F4xx_StdPeriph_Driver/src/stm32f4xx_gpio.o
GPIO_WriteBit                                     Libraries/STM32F4xx_StdPeriph_Driver/src/stm32f4xx_gpio.o
                                                  Utilities/STM32F4-Discovery/stm32f4_discovery_audio_codec.o
HASH_AutoStartDigest                              Libraries/STM32F4xx_StdPeriph_Driver/src/stm32f4xx_hash.o
HASH_ClearFlag                                    Libraries/STM32F4xx_StdPeriph_Driver/src/stm32f4xx_hash.o
HASH_ClearITPendingBit                            Libraries/STM32F4xx_StdPeriph_Driver/src/stm32f4xx_hash.o
HASH_DMACmd                                       Libraries/STM32F4xx_StdPeriph_Driver/src/stm32f4xx_hash.o
HASH_DataIn                                       Libraries/STM32F4xx_StdPeriph_Driver/src/stm32f4xx_hash.o
                                                  Libraries/STM32F4xx_StdPeriph_Driver/src/stm32f4xx_hash_sha1.o
                                                  Libraries/STM32F4xx_StdPeriph_Driver/src/stm32f4xx_hash_md5.o
HASH_DeInit                                       Libraries/STM32F4xx_StdPeriph_Driver/src/stm32f4xx_hash.o
                                                  Libraries/STM32F4xx_StdPeriph_Driver/src/stm32f4xx_hash_sha1.o
                                                  Libraries/STM32F4xx_StdPeriph_Driver/src/stm32f4xx_hash_md5.o
HASH_GetDigest                                    Libraries/STM32F4xx_StdPeriph_Driver/src/stm32f4xx_hash.o
                                                  Libraries/STM32F4xx_StdPeriph_Driver/src/stm32f4xx_hash_sha1.o
                                                  Libraries/STM32F4xx_StdPeriph_Driver/src/stm32f4xx_hash_md5.o
HASH_GetFlagStatus                                Libraries/STM32F4xx_StdPeriph_Driver/src/stm32f4xx_hash.o
                                                  Libraries/STM32F4xx_StdPeriph_Driver/src/stm32f4xx_hash_sha1.o
                                                  Libraries/STM32F4xx_StdPeriph_Driver/src/stm32f4xx_hash_md5.o
HASH_GetITStatus                                  Libraries/STM32F4xx_StdPeriph_Driver/src/stm32f4xx_hash.o
HASH_GetInFIFOWordsNbr                            Libraries/STM32F4xx_StdPeriph_Driver/src/stm32f4xx_hash.o
HASH_ITConfig                                     Libraries/STM32F4xx_StdPeriph_Driver/src/stm32f4xx_hash.o
HASH_Init                                         Libraries/STM32F4xx_StdPeriph_Driver/src/stm32f4xx_hash.o
                                                  Libraries/STM32F4xx_StdPeriph_Driver/src/stm32f4xx_hash_sha1.o
                                                  Libraries/STM32F4xx_StdPeriph_Driver/src/stm32f4xx_hash_md5.o
HASH_MD5                                          Libraries/STM32F4xx_StdPeriph_Driver/src/stm32f4xx_hash_md5.o
HASH_RNG_IRQHandler                               src/startup_stm32f40xx.o
HASH_Reset                                        Libraries/STM32F4xx_StdPeriph_Driver/src/stm32f4xx_hash.o
HASH_RestoreContext                               Libraries/STM32F4xx_StdPeriph_Driver/src/stm32f4xx_hash.o
HASH_SHA1                                         Libraries/STM32F4xx_StdPeriph_Driver/src/stm32f4xx_hash_sha1.o
HASH_SaveContext                                  Libraries/STM32F4xx_StdPeriph_Driver/src/stm32f4xx_hash.o
HASH_SetLastWordValidBitsNbr                      Libraries/STM32F4xx_StdPeriph_Driver/src/stm32f4xx_hash.o
                                                  Libraries/STM32F4xx_StdPeriph_Driver/src/stm32f4xx_hash_sha1.o
                                                  Libraries/STM32F4xx_StdPeriph_Driver/src/stm32f4xx_hash_md5.o
HASH_StartDigest                                  Libraries/STM32F4xx_StdPeriph_Driver/src/stm32f4xx_hash.o
                                                  Libraries/STM32F4xx_StdPeriph_Driver/src/stm32f4xx_hash_sha1.o
                                                  Libraries/STM32F4xx_StdPeriph_Driver/src/stm32f4xx_hash_md5.o
HASH_StructInit                                   Libraries/STM32F4xx_StdPeriph_Driver/src/stm32f4xx_hash.o
HMAC_MD5                                          Libraries/STM32F4xx_StdPeriph_Driver/src/stm32f4xx_hash_md5.o
HMAC_SHA1                                         Libraries/STM32F4xx_StdPeriph_Driver/src/stm32f4xx_hash_sha1.o
HardFault_Handler                                 src/stm32f4xx_it.o
                                                  src/startup_stm32f40xx.o
I2C1_ER_IRQHandler                                src/startup_stm32f40xx.o
I2C1_EV_IRQHandler                                src/startup_stm32f40xx.o
I2C2_ER_IRQHandler                                src/startup_stm32f40xx.o
I2C2_EV_IRQHandler                                src/startup_stm32f40xx.o
I2C3_ER_IRQHandler                                src/startup_stm32f40xx.o
I2C3_EV_IRQHandler                                src/startup_stm32f40xx.o
I2C_ARPCmd                                        Libraries/STM32F4xx_StdPeriph_Driver/src/stm32f4xx_i2c.o
I2C_AcknowledgeConfig                             Libraries/STM32F4xx_StdPeriph_Driver/src/stm32f4xx_i2c.o
                                                  Utilities/STM32F4-Discovery/stm32f4_discovery_audio_codec.o
I2C_AnalogFilterCmd                               Libraries/STM32F4xx_StdPeriph_Driver/src/stm32f4xx_i2c.o
I2C_CalculatePEC                                  Libraries/STM32F4xx_StdPeriph_Driver/src/stm32f4xx_i2c.o
I2C_CheckEvent                                    Libraries/STM32F4xx_StdPeriph_Driver/src/stm32f4xx_i2c.o
                                                  Utilities/STM32F4-Discovery/stm32f4_discovery_audio_codec.o
I2C_ClearFlag                                     Libraries/STM32F4xx_StdPeriph_Driver/src/stm32f4xx_i2c.o
                                                  Utilities/STM32F4-Discovery/stm32f4_discovery_audio_codec.o
I2C_ClearITPendingBit                             Libraries/STM32F4xx_StdPeriph_Driver/src/stm32f4xx_i2c.o
I2C_Cmd                                           Libraries/STM32F4xx_StdPeriph_Driver/src/stm32f4xx_i2c.o
                                                  Utilities/STM32F4-Discovery/stm32f4_discovery_audio_codec.o
I2C_DMACmd                                        Libraries/STM32F4xx_StdPeriph_Driver/src/stm32f4xx_i2c.o
I2C_DMALastTransferCmd                            Libraries/STM32F4xx_StdPeriph_Driver/src/stm32f4xx_i2c.o
I2C_DeInit                                        Libraries/STM32F4xx_StdPeriph_Driver/src/stm32f4xx_i2c.o
                                                  Utilities/STM32F4-Discovery/stm32f4_discovery_audio_codec.o
I2C_DigitalFilterConfig                           Libraries/STM32F4xx_StdPeriph_Driver/src/stm32f4xx_i2c.o
I2C_DualAddressCmd                                Libraries/STM32F4xx_StdPeriph_Driver/src/stm32f4xx_i2c.o
I2C_FastModeDutyCycleConfig                       Libraries/STM32F4xx_StdPeriph_Driver/src/stm32f4xx_i2c.o
I2C_GeneralCallCmd                                Libraries/STM32F4xx_StdPeriph_Driver/src/stm32f4xx_i2c.o
I2C_GenerateSTART                                 Libraries/STM32F4xx_StdPeriph_Driver/src/stm32f4xx_i2c.o
                                                  Utilities/STM32F4-Discovery/stm32f4_discovery_audio_codec.o
I2C_GenerateSTOP                                  Libraries/STM32F4xx_StdPeriph_Driver/src/stm32f4xx_i2c.o
                                                  Utilities/STM32F4-Discovery/stm32f4_discovery_audio_codec.o
I2C_GetFlagStatus                                 Libraries/STM32F4xx_StdPeriph_Driver/src/stm32f4xx_i2c.o
                                                  Utilities/STM32F4-Discovery/stm32f4_discovery_audio_codec.o
I2C_GetITStatus                                   Libraries/STM32F4xx_StdPeriph_Driver/src/stm32f4xx_i2c.o
I2C_GetLastEvent                                  Libraries/STM32F4xx_StdPeriph_Driver/src/stm32f4xx_i2c.o
I2C_GetPEC                                        Libraries/STM32F4xx_StdPeriph_Driver/src/stm32f4xx_i2c.o
I2C_ITConfig                                      Libraries/STM32F4xx_StdPeriph_Driver/src/stm32f4xx_i2c.o
I2C_Init                                          Libraries/STM32F4xx_StdPeriph_Driver/src/stm32f4xx_i2c.o
                                                  Utilities/STM32F4-Discovery/stm32f4_discovery_audio_codec.o
I2C_NACKPositionConfig                            Libraries/STM32F4xx_StdPeriph_Driver/src/stm32f4xx_i2c.o
I2C_OwnAddress2Config                             Libraries/STM32F4xx_StdPeriph_Driver/src/stm32f4xx_i2c.o
I2C_PECPositionConfig                             Libraries/STM32F4xx_StdPeriph_Driver/src/stm32f4xx_i2c.o
I2C_ReadRegister                                  Libraries/STM32F4xx_StdPeriph_Driver/src/stm32f4xx_i2c.o
I2C_ReceiveData                                   Libraries/STM32F4xx_StdPeriph_Driver/src/stm32f4xx_i2c.o
                                                  Utilities/STM32F4-Discovery/stm32f4_discovery_audio_codec.o
I2C_SMBusAlertConfig                              Libraries/STM32F4xx_StdPeriph_Driver/src/stm32f4xx_i2c.o
I2C_Send7bitAddress                               Libraries/STM32F4xx_StdPeriph_Driver/src/stm32f4xx_i2c.o
                                                  Utilities/STM32F4-Discovery/stm32f4_discovery_audio_codec.o
I2C_SendData                                      Libraries/STM32F4xx_StdPeriph_Driver/src/stm32f4xx_i2c.o
                                                  Utilities/STM32F4-Discovery/stm32f4_discovery_audio_codec.o
I2C_SoftwareResetCmd                              Libraries/STM32F4xx_StdPeriph_Driver/src/stm32f4xx_i2c.o
I2C_StretchClockCmd                               Libraries/STM32F4xx_StdPeriph_Driver/src/stm32f4xx_i2c.o
I2C_StructInit                                    Libraries/STM32F4xx_StdPeriph_Driver/src/stm32f4xx_i2c.o
I2C_TransmitPEC                                   Libraries/STM32F4xx_StdPeriph_Driver/src/stm32f4xx_i2c.o
I2S_Cmd                                           Libraries/STM32F4xx_StdPeriph_Driver/src/stm32f4xx_spi.o
                                                  Utilities/STM32F4-Discovery/stm32f4_discovery_audio_codec.o
I2S_FullDuplexConfig                              Libraries/STM32F4xx_StdPeriph_Driver/src/stm32f4xx_spi.o
I2S_Init                                          Libraries/STM32F4xx_StdPeriph_Driver/src/stm32f4xx_spi.o
                                                  Utilities/STM32F4-Discovery/stm32f4_discovery_audio_codec.o
I2S_StructInit                                    Libraries/STM32F4xx_StdPeriph_Driver/src/stm32f4xx_spi.o
IWDG_Enable                                       Libraries/STM32F4xx_StdPeriph_Driver/src/stm32f4xx_iwdg.o
IWDG_GetFlagStatus                                Libraries/STM32F4xx_StdPeriph_Driver/src/stm32f4xx_iwdg.o
IWDG_ReloadCounter                                Libraries/STM32F4xx_StdPeriph_Driver/src/stm32f4xx_iwdg.o
IWDG_SetPrescaler                                 Libraries/STM32F4xx_StdPeriph_Driver/src/stm32f4xx_iwdg.o
IWDG_SetReload                                    Libraries/STM32F4xx_StdPeriph_Driver/src/stm32f4xx_iwdg.o
IWDG_WriteAccessCmd                               Libraries/STM32F4xx_StdPeriph_Driver/src/stm32f4xx_iwdg.o
LIS302DLTimeout                                   Utilities/STM32F4-Discovery/stm32f4_discovery_lis302dl.o
LIS302DL_DataRateCmd                              Utilities/STM32F4-Discovery/stm32f4_discovery_lis302dl.o
LIS302DL_FilterConfig                             Utilities/STM32F4-Discovery/stm32f4_discovery_lis302dl.o
LIS302DL_FullScaleCmd                             Utilities/STM32F4-Discovery/stm32f4_discovery_lis302dl.o
LIS302DL_Init                                     Utilities/STM32F4-Discovery/stm32f4_discovery_lis302dl.o
LIS302DL_InterruptConfig                          Utilities/STM32F4-Discovery/stm32f4_discovery_lis302dl.o
LIS302DL_LowpowerCmd                              Utilities/STM32F4-Discovery/stm32f4_discovery_lis302dl.o
LIS302DL_Read                                     Utilities/STM32F4-Discovery/stm32f4_discovery_lis302dl.o
LIS302DL_ReadACC                                  Utilities/STM32F4-Discovery/stm32f4_discovery_lis302dl.o
LIS302DL_RebootCmd                                Utilities/STM32F4-Discovery/stm32f4_discovery_lis302dl.o
LIS302DL_TIMEOUT_UserCallback                     Utilities/STM32F4-Discovery/stm32f4_discovery_lis302dl.o